Archive member included to satisfy reference by file (symbol)

C:/ST/STM32CubeIDE_1.14.1/STM32CubeIDE/plugins/com.st.stm32cube.ide.mcu.externaltools.gnu-tools-for-stm32.11.3.rel1.win32_1.1.100.202309141235/tools/bin/../lib/gcc/arm-none-eabi/11.3.1/../../../../arm-none-eabi/lib/thumb/v7e-m+fp/hard\libc_nano.a(libc_a-exit.o)
                              C:/ST/STM32CubeIDE_1.14.1/STM32CubeIDE/plugins/com.st.stm32cube.ide.mcu.externaltools.gnu-tools-for-stm32.11.3.rel1.win32_1.1.100.202309141235/tools/bin/../lib/gcc/arm-none-eabi/11.3.1/../../../../arm-none-eabi/lib/thumb/v7e-m+fp/hard/crt0.o (exit)
C:/ST/STM32CubeIDE_1.14.1/STM32CubeIDE/plugins/com.st.stm32cube.ide.mcu.externaltools.gnu-tools-for-stm32.11.3.rel1.win32_1.1.100.202309141235/tools/bin/../lib/gcc/arm-none-eabi/11.3.1/../../../../arm-none-eabi/lib/thumb/v7e-m+fp/hard\libc_nano.a(libc_a-findfp.o)
                              C:/ST/STM32CubeIDE_1.14.1/STM32CubeIDE/plugins/com.st.stm32cube.ide.mcu.externaltools.gnu-tools-for-stm32.11.3.rel1.win32_1.1.100.202309141235/tools/bin/../lib/gcc/arm-none-eabi/11.3.1/../../../../arm-none-eabi/lib/thumb/v7e-m+fp/hard\libc_nano.a(libc_a-exit.o) (__stdio_exit_handler)
C:/ST/STM32CubeIDE_1.14.1/STM32CubeIDE/plugins/com.st.stm32cube.ide.mcu.externaltools.gnu-tools-for-stm32.11.3.rel1.win32_1.1.100.202309141235/tools/bin/../lib/gcc/arm-none-eabi/11.3.1/../../../../arm-none-eabi/lib/thumb/v7e-m+fp/hard\libc_nano.a(libc_a-fwalk.o)
                              C:/ST/STM32CubeIDE_1.14.1/STM32CubeIDE/plugins/com.st.stm32cube.ide.mcu.externaltools.gnu-tools-for-stm32.11.3.rel1.win32_1.1.100.202309141235/tools/bin/../lib/gcc/arm-none-eabi/11.3.1/../../../../arm-none-eabi/lib/thumb/v7e-m+fp/hard\libc_nano.a(libc_a-findfp.o) (_fwalk_sglue)
C:/ST/STM32CubeIDE_1.14.1/STM32CubeIDE/plugins/com.st.stm32cube.ide.mcu.externaltools.gnu-tools-for-stm32.11.3.rel1.win32_1.1.100.202309141235/tools/bin/../lib/gcc/arm-none-eabi/11.3.1/../../../../arm-none-eabi/lib/thumb/v7e-m+fp/hard\libc_nano.a(libc_a-printf.o)
                              ./Core/Src/main.o (printf)
C:/ST/STM32CubeIDE_1.14.1/STM32CubeIDE/plugins/com.st.stm32cube.ide.mcu.externaltools.gnu-tools-for-stm32.11.3.rel1.win32_1.1.100.202309141235/tools/bin/../lib/gcc/arm-none-eabi/11.3.1/../../../../arm-none-eabi/lib/thumb/v7e-m+fp/hard\libc_nano.a(libc_a-stdio.o)
                              C:/ST/STM32CubeIDE_1.14.1/STM32CubeIDE/plugins/com.st.stm32cube.ide.mcu.externaltools.gnu-tools-for-stm32.11.3.rel1.win32_1.1.100.202309141235/tools/bin/../lib/gcc/arm-none-eabi/11.3.1/../../../../arm-none-eabi/lib/thumb/v7e-m+fp/hard\libc_nano.a(libc_a-findfp.o) (__sread)
C:/ST/STM32CubeIDE_1.14.1/STM32CubeIDE/plugins/com.st.stm32cube.ide.mcu.externaltools.gnu-tools-for-stm32.11.3.rel1.win32_1.1.100.202309141235/tools/bin/../lib/gcc/arm-none-eabi/11.3.1/../../../../arm-none-eabi/lib/thumb/v7e-m+fp/hard\libc_nano.a(libc_a-memset.o)
                              C:/ST/STM32CubeIDE_1.14.1/STM32CubeIDE/plugins/com.st.stm32cube.ide.mcu.externaltools.gnu-tools-for-stm32.11.3.rel1.win32_1.1.100.202309141235/tools/bin/../lib/gcc/arm-none-eabi/11.3.1/../../../../arm-none-eabi/lib/thumb/v7e-m+fp/hard/crt0.o (memset)
C:/ST/STM32CubeIDE_1.14.1/STM32CubeIDE/plugins/com.st.stm32cube.ide.mcu.externaltools.gnu-tools-for-stm32.11.3.rel1.win32_1.1.100.202309141235/tools/bin/../lib/gcc/arm-none-eabi/11.3.1/../../../../arm-none-eabi/lib/thumb/v7e-m+fp/hard\libc_nano.a(libc_a-closer.o)
                              C:/ST/STM32CubeIDE_1.14.1/STM32CubeIDE/plugins/com.st.stm32cube.ide.mcu.externaltools.gnu-tools-for-stm32.11.3.rel1.win32_1.1.100.202309141235/tools/bin/../lib/gcc/arm-none-eabi/11.3.1/../../../../arm-none-eabi/lib/thumb/v7e-m+fp/hard\libc_nano.a(libc_a-stdio.o) (_close_r)
C:/ST/STM32CubeIDE_1.14.1/STM32CubeIDE/plugins/com.st.stm32cube.ide.mcu.externaltools.gnu-tools-for-stm32.11.3.rel1.win32_1.1.100.202309141235/tools/bin/../lib/gcc/arm-none-eabi/11.3.1/../../../../arm-none-eabi/lib/thumb/v7e-m+fp/hard\libc_nano.a(libc_a-reent.o)
                              C:/ST/STM32CubeIDE_1.14.1/STM32CubeIDE/plugins/com.st.stm32cube.ide.mcu.externaltools.gnu-tools-for-stm32.11.3.rel1.win32_1.1.100.202309141235/tools/bin/../lib/gcc/arm-none-eabi/11.3.1/../../../../arm-none-eabi/lib/thumb/v7e-m+fp/hard\libc_nano.a(libc_a-closer.o) (errno)
C:/ST/STM32CubeIDE_1.14.1/STM32CubeIDE/plugins/com.st.stm32cube.ide.mcu.externaltools.gnu-tools-for-stm32.11.3.rel1.win32_1.1.100.202309141235/tools/bin/../lib/gcc/arm-none-eabi/11.3.1/../../../../arm-none-eabi/lib/thumb/v7e-m+fp/hard\libc_nano.a(libc_a-impure.o)
                              C:/ST/STM32CubeIDE_1.14.1/STM32CubeIDE/plugins/com.st.stm32cube.ide.mcu.externaltools.gnu-tools-for-stm32.11.3.rel1.win32_1.1.100.202309141235/tools/bin/../lib/gcc/arm-none-eabi/11.3.1/../../../../arm-none-eabi/lib/thumb/v7e-m+fp/hard\libc_nano.a(libc_a-printf.o) (_impure_ptr)
[...]
Memory Configuration

Name             Origin             Length             Attributes
RAM              0x0000000020000000 0x0000000000018000 xrw
RAM2             0x0000000010000000 0x0000000000008000 xrw
FLASH            0x0000000008000000 0x0000000000100000 xr
*default*        0x0000000000000000 0xffffffffffffffff

Linker script and memory map

LOAD C:/ST/STM32CubeIDE_1.14.1/STM32CubeIDE/plugins/com.st.stm32cube.ide.mcu.externaltools.gnu-tools-for-stm32.11.3.rel1.win32_1.1.100.202309141235/tools/bin/../lib/gcc/arm-none-eabi/11.3.1/thumb/v7e-m+fp/hard/crti.o
LOAD C:/ST/STM32CubeIDE_1.14.1/STM32CubeIDE/plugins/com.st.stm32cube.ide.mcu.externaltools.gnu-tools-for-stm32.11.3.rel1.win32_1.1.100.202309141235/tools/bin/../lib/gcc/arm-none-eabi/11.3.1/thumb/v7e-m+fp/hard/crtbegin.o
LOAD C:/ST/STM32CubeIDE_1.14.1/STM32CubeIDE/plugins/com.st.stm32cube.ide.mcu.externaltools.gnu-tools-for-stm32.11.3.rel1.win32_1.1.100.202309141235/tools/bin/../lib/gcc/arm-none-eabi/11.3.1/../../../../arm-none-eabi/lib/thumb/v7e-m+fp/hard/crt0.o
LOAD ./Core/Src/main.o
LOAD ./Core/Src/stm32l4xx_hal_msp.o
LOAD ./Core/Src/stm32l4xx_it.o
LOAD ./Core/Src/syscalls.o
LOAD ./Core/Src/sysmem.o
LOAD ./Core/Src/system_stm32l4xx.o
LOAD ./Core/Startup/startup_stm32l475vgtx.o
LOAD ./Drivers/STM32L4xx_HAL_Driver/Src/stm32l4xx_hal.o
LOAD ./Drivers/STM32L4xx_HAL_Driver/Src/stm32l4xx_hal_cortex.o
LOAD ./Drivers/STM32L4xx_HAL_Driver/Src/stm32l4xx_hal_dfsdm.o
LOAD ./Drivers/STM32L4xx_HAL_Driver/Src/stm32l4xx_hal_dma.o
LOAD ./Drivers/STM32L4xx_HAL_Driver/Src/stm32l4xx_hal_dma_ex.o
LOAD ./Drivers/STM32L4xx_HAL_Driver/Src/stm32l4xx_hal_exti.o
LOAD ./Drivers/STM32L4xx_HAL_Driver/Src/stm32l4xx_hal_flash.o
LOAD ./Drivers/STM32L4xx_HAL_Driver/Src/stm32l4xx_hal_flash_ex.o
LOAD ./Drivers/STM32L4xx_HAL_Driver/Src/stm32l4xx_hal_flash_ramfunc.o
LOAD ./Drivers/STM32L4xx_HAL_Driver/Src/stm32l4xx_hal_gpio.o
LOAD ./Drivers/STM32L4xx_HAL_Driver/Src/stm32l4xx_hal_i2c.o
LOAD ./Drivers/STM32L4xx_HAL_Driver/Src/stm32l4xx_hal_i2c_ex.o
LOAD ./Drivers/STM32L4xx_HAL_Driver/Src/stm32l4xx_hal_pcd.o
LOAD ./Drivers/STM32L4xx_HAL_Driver/Src/stm32l4xx_hal_pcd_ex.o
LOAD ./Drivers/STM32L4xx_HAL_Driver/Src/stm32l4xx_hal_pwr.o
LOAD ./Drivers/STM32L4xx_HAL_Driver/Src/stm32l4xx_hal_pwr_ex.o
LOAD ./Drivers/STM32L4xx_HAL_Driver/Src/stm32l4xx_hal_qspi.o
LOAD ./Drivers/STM32L4xx_HAL_Driver/Src/stm32l4xx_hal_rcc.o
LOAD ./Drivers/STM32L4xx_HAL_Driver/Src/stm32l4xx_hal_rcc_ex.o
LOAD ./Drivers/STM32L4xx_HAL_Driver/Src/stm32l4xx_hal_spi.o
LOAD ./Drivers/STM32L4xx_HAL_Driver/Src/stm32l4xx_hal_spi_ex.o
LOAD ./Drivers/STM32L4xx_HAL_Driver/Src/stm32l4xx_hal_tim.o
LOAD ./Drivers/STM32L4xx_HAL_Driver/Src/stm32l4xx_hal_tim_ex.o
LOAD ./Drivers/STM32L4xx_HAL_Driver/Src/stm32l4xx_hal_uart.o
LOAD ./Drivers/STM32L4xx_HAL_Driver/Src/stm32l4xx_hal_uart_ex.o
LOAD ./Drivers/STM32L4xx_HAL_Driver/Src/stm32l4xx_ll_usb.o
LOAD ./Middlewares/ST/STM32_USB_Device_Library/Class/CustomHID/Src/usbd_customhid.o
LOAD ./Middlewares/ST/STM32_USB_Device_Library/Core/Src/usbd_core.o
LOAD ./Middlewares/ST/STM32_USB_Device_Library/Core/Src/usbd_ctlreq.o
LOAD ./Middlewares/ST/STM32_USB_Device_Library/Core/Src/usbd_ioreq.o
LOAD ./USB_DEVICE/App/usb_device.o
LOAD ./USB_DEVICE/App/usbd_custom_hid_if.o
LOAD ./USB_DEVICE/App/usbd_desc.o
LOAD ./USB_DEVICE/Target/usbd_conf.o
START GROUP
LOAD C:/ST/STM32CubeIDE_1.14.1/STM32CubeIDE/plugins/com.st.stm32cube.ide.mcu.externaltools.gnu-tools-for-stm32.11.3.rel1.win32_1.1.100.202309141235/tools/bin/../lib/gcc/arm-none-eabi/11.3.1/../../../../arm-none-eabi/lib/thumb/v7e-m+fp/hard\libc_nano.a
LOAD C:/ST/STM32CubeIDE_1.14.1/STM32CubeIDE/plugins/com.st.stm32cube.ide.mcu.externaltools.gnu-tools-for-stm32.11.3.rel1.win32_1.1.100.202309141235/tools/bin/../lib/gcc/arm-none-eabi/11.3.1/../../../../arm-none-eabi/lib/thumb/v7e-m+fp/hard\libm.a
END GROUP
START GROUP
LOAD C:/ST/STM32CubeIDE_1.14.1/STM32CubeIDE/plugins/com.st.stm32cube.ide.mcu.externaltools.gnu-tools-for-stm32.11.3.rel1.win32_1.1.100.202309141235/tools/bin/../lib/gcc/arm-none-eabi/11.3.1/thumb/v7e-m+fp/hard\libgcc.a
LOAD C:/ST/STM32CubeIDE_1.14.1/STM32CubeIDE/plugins/com.st.stm32cube.ide.mcu.externaltools.gnu-tools-for-stm32.11.3.rel1.win32_1.1.100.202309141235/tools/bin/../lib/gcc/arm-none-eabi/11.3.1/../../../../arm-none-eabi/lib/thumb/v7e-m+fp/hard\libc_nano.a
END GROUP
START GROUP
LOAD C:/ST/STM32CubeIDE_1.14.1/STM32CubeIDE/plugins/com.st.stm32cube.ide.mcu.externaltools.gnu-tools-for-stm32.11.3.rel1.win32_1.1.100.202309141235/tools/bin/../lib/gcc/arm-none-eabi/11.3.1/thumb/v7e-m+fp/hard\libgcc.a
LOAD C:/ST/STM32CubeIDE_1.14.1/STM32CubeIDE/plugins/com.st.stm32cube.ide.mcu.externaltools.gnu-tools-for-stm32.11.3.rel1.win32_1.1.100.202309141235/tools/bin/../lib/gcc/arm-none-eabi/11.3.1/../../../../arm-none-eabi/lib/thumb/v7e-m+fp/hard\libc_nano.a
LOAD C:/ST/STM32CubeIDE_1.14.1/STM32CubeIDE/plugins/com.st.stm32cube.ide.mcu.externaltools.gnu-tools-for-stm32.11.3.rel1.win32_1.1.100.202309141235/tools/bin/../lib/gcc/arm-none-eabi/11.3.1/../../../../arm-none-eabi/lib/thumb/v7e-m+fp/hard\libnosys.a
END GROUP
START GROUP
LOAD C:/ST/STM32CubeIDE_1.14.1/STM32CubeIDE/plugins/com.st.stm32cube.ide.mcu.externaltools.gnu-tools-for-stm32.11.3.rel1.win32_1.1.100.202309141235/tools/bin/../lib/gcc/arm-none-eabi/11.3.1/thumb/v7e-m+fp/hard\libgcc.a
LOAD C:/ST/STM32CubeIDE_1.14.1/STM32CubeIDE/plugins/com.st.stm32cube.ide.mcu.externaltools.gnu-tools-for-stm32.11.3.rel1.win32_1.1.100.202309141235/tools/bin/../lib/gcc/arm-none-eabi/11.3.1/../../../../arm-none-eabi/lib/thumb/v7e-m+fp/hard\libc_nano.a
LOAD C:/ST/STM32CubeIDE_1.14.1/STM32CubeIDE/plugins/com.st.stm32cube.ide.mcu.externaltools.gnu-tools-for-stm32.11.3.rel1.win32_1.1.100.202309141235/tools/bin/../lib/gcc/arm-none-eabi/11.3.1/../../../../arm-none-eabi/lib/thumb/v7e-m+fp/hard\libnosys.a
END GROUP
LOAD C:/ST/STM32CubeIDE_1.14.1/STM32CubeIDE/plugins/com.st.stm32cube.ide.mcu.externaltools.gnu-tools-for-stm32.11.3.rel1.win32_1.1.100.202309141235/tools/bin/../lib/gcc/arm-none-eabi/11.3.1/thumb/v7e-m+fp/hard/crtend.o
LOAD C:/ST/STM32CubeIDE_1.14.1/STM32CubeIDE/plugins/com.st.stm32cube.ide.mcu.externaltools.gnu-tools-for-stm32.11.3.rel1.win32_1.1.100.202309141235/tools/bin/../lib/gcc/arm-none-eabi/11.3.1/thumb/v7e-m+fp/hard/crtn.o
                0x0000000020018000                _estack = (ORIGIN (RAM) + LENGTH (RAM))
                0x0000000000000200                _Min_Heap_Size = 0x200
                0x0000000000000400                _Min_Stack_Size = 0x400

.isr_vector     0x0000000008000000      0x188
                0x0000000008000000                . = ALIGN (0x4)
 *(.isr_vector)
 .isr_vector    0x0000000008000000      0x188 ./Core/Startup/startup_stm32l475vgtx.o
                0x0000000008000000                g_pfnVectors
                0x0000000008000188                . = ALIGN (0x4)

.text           0x0000000008000190     0xb1c8
                0x0000000008000190                . = ALIGN (0x4)
 *(.text)
 .text          0x0000000008000190       0x40 C:/ST/STM32CubeIDE_1.14.1/STM32CubeIDE/plugins/com.st.stm32cube.ide.mcu.externaltools.gnu-tools-for-stm32.11.3.rel1.win32_1.1.100.202309141235/tools/bin/../lib/gcc/arm-none-eabi/11.3.1/thumb/v7e-m+fp/hard/crtbegin.o
 .text          0x00000000080001d0       0xa0 C:/ST/STM32CubeIDE_1.14.1/STM32CubeIDE/plugins/com.st.stm32cube.ide.mcu.externaltools.gnu-tools-for-stm32.11.3.rel1.win32_1.1.100.202309141235/tools/bin/../lib/gcc/arm-none-eabi/11.3.1/../../../../arm-none-eabi/lib/thumb/v7e-m+fp/hard\libc_nano.a(libc_a-memchr.o)
                0x00000000080001d0                memchr
 .text          0x0000000008000270      0x254 C:/ST/STM32CubeIDE_1.14.1/STM32CubeIDE/plugins/com.st.stm32cube.ide.mcu.externaltools.gnu-tools-for-stm32.11.3.rel1.win32_1.1.100.202309141235/tools/bin/../lib/gcc/arm-none-eabi/11.3.1/thumb/v7e-m+fp/hard\libgcc.a(_arm_muldf3.o)
                0x0000000008000270                __muldf3
                0x0000000008000270                __aeabi_dmul
 .text          0x00000000080004c4      0x378 C:/ST/STM32CubeIDE_1.14.1/STM32CubeIDE/plugins/com.st.stm32cube.ide.mcu.externaltools.gnu-tools-for-stm32.11.3.rel1.win32_1.1.100.202309141235/tools/bin/../lib/gcc/arm-none-eabi/11.3.1/thumb/v7e-m+fp/hard\libgcc.a(_arm_addsubdf3.o)
                0x00000000080004c4                __aeabi_drsub
                0x00000000080004cc                __aeabi_dsub
                0x00000000080004cc                __subdf3
                0x00000000080004d0                __aeabi_dadd
                0x00000000080004d0                __adddf3
                0x0000000008000748                __floatunsidf
                0x0000000008000748                __aeabi_ui2d
                0x0000000008000768                __floatsidf
                0x0000000008000768                __aeabi_i2d
                0x000000000800078c                __aeabi_f2d
                0x000000000800078c                __extendsfdf2
                0x00000000080007d0                __floatundidf
                0x00000000080007d0                __aeabi_ul2d
                0x00000000080007e0                __floatdidf
                0x00000000080007e0                __aeabi_l2d
 .text          0x000000000800083c       0x50 C:/ST/STM32CubeIDE_1.14.1/STM32CubeIDE/plugins/com.st.stm32cube.ide.mcu.externaltools.gnu-tools-for-stm32.11.3.rel1.win32_1.1.100.202309141235/tools/bin/../lib/gcc/arm-none-eabi/11.3.1/thumb/v7e-m+fp/hard\libgcc.a(_arm_fixdfsi.o)
                0x000000000800083c                __aeabi_d2iz
                0x000000000800083c                __fixdfsi
 .text          0x000000000800088c       0x30 C:/ST/STM32CubeIDE_1.14.1/STM32CubeIDE/plugins/com.st.stm32cube.ide.mcu.externaltools.gnu-tools-for-stm32.11.3.rel1.win32_1.1.100.202309141235/tools/bin/../lib/gcc/arm-none-eabi/11.3.1/thumb/v7e-m+fp/hard\libgcc.a(_aeabi_uldivmod.o)
                0x000000000800088c                __aeabi_uldivmod
 .text          0x00000000080008bc      0x2c8 C:/ST/STM32CubeIDE_1.14.1/STM32CubeIDE/plugins/com.st.stm32cube.ide.mcu.externaltools.gnu-tools-for-stm32.11.3.rel1.win32_1.1.100.202309141235/tools/bin/../lib/gcc/arm-none-eabi/11.3.1/thumb/v7e-m+fp/hard\libgcc.a(_udivmoddi4.o)
                0x00000000080008bc                __udivmoddi4
 .text          0x0000000008000b84        0x4 C:/ST/STM32CubeIDE_1.14.1/STM32CubeIDE/plugins/com.st.stm32cube.ide.mcu.externaltools.gnu-tools-for-stm32.11.3.rel1.win32_1.1.100.202309141235/tools/bin/../lib/gcc/arm-none-eabi/11.3.1/thumb/v7e-m+fp/hard\libgcc.a(_dvmd_tls.o)
                0x0000000008000b84                __aeabi_idiv0
                0x0000000008000b84                __aeabi_ldiv0
 *(.text*)
 .text.readAccel.1
                0x0000000008000b88       0x8c ./Core/Src/main.o
 .text.main     0x0000000008000c14       0xc8 ./Core/Src/main.o
                0x0000000008000c14                main
 .text.initAccelerometer.0
                0x0000000008000cdc       0x38 ./Core/Src/main.o
 .text.SystemClock_Config
                0x0000000008000d14       0xc4 ./Core/Src/main.o
                0x0000000008000d14                SystemClock_Config
 .text.MX_DFSDM1_Init
                0x0000000008000dd8       0x70 ./Core/Src/main.o
 .text.MX_I2C2_Init
                0x0000000008000e48       0x7c ./Core/Src/main.o
 .text.MX_QUADSPI_Init
                0x0000000008000ec4       0x4c ./Core/Src/main.o
 .text.MX_SPI3_Init
                0x0000000008000f10       0x7c ./Core/Src/main.o
 .text.MX_USART1_UART_Init
                0x0000000008000f8c       0x60 ./Core/Src/main.o
 .text.MX_USART3_UART_Init
                0x0000000008000fec       0x60 ./Core/Src/main.o
 .text.MX_GPIO_Init
                0x000000000800104c      0x364 ./Core/Src/main.o
 .text.Error_Handler
                0x00000000080013b0        0xa ./Core/Src/main.o
                0x00000000080013b0                Error_Handler
 *fill*         0x00000000080013ba        0x2 
 .text.HAL_MspInit
                0x00000000080013bc       0x48 ./Core/Src/stm32l4xx_hal_msp.o
                0x00000000080013bc                HAL_MspInit
 .text.HAL_DFSDM_ChannelMspInit
                0x0000000008001404       0xc8 ./Core/Src/stm32l4xx_hal_msp.o
                0x0000000008001404                HAL_DFSDM_ChannelMspInit
 .text.HAL_I2C_MspInit
                0x00000000080014cc       0xbc ./Core/Src/stm32l4xx_hal_msp.o
                0x00000000080014cc                HAL_I2C_MspInit
 .text.HAL_QSPI_MspInit
                0x0000000008001588       0x88 ./Core/Src/stm32l4xx_hal_msp.o
                0x0000000008001588                HAL_QSPI_MspInit
 .text.HAL_SPI_MspInit
                0x0000000008001610       0x88 ./Core/Src/stm32l4xx_hal_msp.o
                0x0000000008001610                HAL_SPI_MspInit
 .text.HAL_UART_MspInit
                0x0000000008001698      0x148 ./Core/Src/stm32l4xx_hal_msp.o
                0x0000000008001698                HAL_UART_MspInit
 .text.NMI_Handler
                0x00000000080017e0        0x6 ./Core/Src/stm32l4xx_it.o
                0x00000000080017e0                NMI_Handler
 .text.HardFault_Handler
                0x00000000080017e6        0x6 ./Core/Src/stm32l4xx_it.o
                0x00000000080017e6                HardFault_Handler
 .text.MemManage_Handler
                0x00000000080017ec        0x6 ./Core/Src/stm32l4xx_it.o
                0x00000000080017ec                MemManage_Handler
 .text.BusFault_Handler
                0x00000000080017f2        0x6 ./Core/Src/stm32l4xx_it.o
                0x00000000080017f2                BusFault_Handler
 .text.UsageFault_Handler
                0x00000000080017f8        0x6 ./Core/Src/stm32l4xx_it.o
                0x00000000080017f8                UsageFault_Handler
 .text.SVC_Handler
                0x00000000080017fe        0xe ./Core/Src/stm32l4xx_it.o
                0x00000000080017fe                SVC_Handler
 .text.DebugMon_Handler
                0x000000000800180c        0xe ./Core/Src/stm32l4xx_it.o
                0x000000000800180c                DebugMon_Handler
 .text.PendSV_Handler
                0x000000000800181a        0xe ./Core/Src/stm32l4xx_it.o
                0x000000000800181a                PendSV_Handler
 .text.SysTick_Handler
                0x0000000008001828        0xc ./Core/Src/stm32l4xx_it.o
                0x0000000008001828                SysTick_Handler
 .text.EXTI9_5_IRQHandler
                0x0000000008001834       0x22 ./Core/Src/stm32l4xx_it.o
                0x0000000008001834                EXTI9_5_IRQHandler
 .text.EXTI15_10_IRQHandler
                0x0000000008001856       0x30 ./Core/Src/stm32l4xx_it.o
                0x0000000008001856                EXTI15_10_IRQHandler
 *fill*         0x0000000008001886        0x2 
 .text.OTG_FS_IRQHandler
                0x0000000008001888       0x14 ./Core/Src/stm32l4xx_it.o
                0x0000000008001888                OTG_FS_IRQHandler
 .text._read    0x000000000800189c       0x3a ./Core/Src/syscalls.o
                0x000000000800189c                _read
 .text._write   0x00000000080018d6       0x38 ./Core/Src/syscalls.o
                0x00000000080018d6                _write
 .text._close   0x000000000800190e       0x18 ./Core/Src/syscalls.o
                0x000000000800190e                _close
 .text._fstat   0x0000000008001926       0x20 ./Core/Src/syscalls.o
                0x0000000008001926                _fstat
 .text._isatty  0x0000000008001946       0x16 ./Core/Src/syscalls.o
                0x0000000008001946                _isatty
 .text._lseek   0x000000000800195c       0x1a ./Core/Src/syscalls.o
                0x000000000800195c                _lseek
 *fill*         0x0000000008001976        0x2 
 .text._sbrk    0x0000000008001978       0x6c ./Core/Src/sysmem.o
                0x0000000008001978                _sbrk
 .text.SystemInit
                0x00000000080019e4       0x24 ./Core/Src/system_stm32l4xx.o
                0x00000000080019e4                SystemInit
 .text.Reset_Handler
                0x0000000008001a08       0x50 ./Core/Startup/startup_stm32l475vgtx.o
                0x0000000008001a08                Reset_Handler
 .text.Default_Handler
                0x0000000008001a58        0x2 ./Core/Startup/startup_stm32l475vgtx.o
                0x0000000008001a58                RTC_Alarm_IRQHandler
                0x0000000008001a58                EXTI2_IRQHandler
                0x0000000008001a58                TIM8_TRG_COM_IRQHandler
                0x0000000008001a58                TIM8_CC_IRQHandler
                0x0000000008001a58                TIM1_CC_IRQHandler
                0x0000000008001a58                TSC_IRQHandler
                0x0000000008001a58                TAMP_STAMP_IRQHandler
                0x0000000008001a58                EXTI3_IRQHandler
                0x0000000008001a58                LPTIM2_IRQHandler
                0x0000000008001a58                DFSDM1_FLT1_IRQHandler
                0x0000000008001a58                I2C3_ER_IRQHandler
                0x0000000008001a58                DFSDM1_FLT2_IRQHandler
                0x0000000008001a58                EXTI0_IRQHandler
                0x0000000008001a58                I2C2_EV_IRQHandler
                0x0000000008001a58                CAN1_RX0_IRQHandler
                0x0000000008001a58                FPU_IRQHandler
                0x0000000008001a58                TIM1_UP_TIM16_IRQHandler
                0x0000000008001a58                ADC1_2_IRQHandler
                0x0000000008001a58                SPI1_IRQHandler
                0x0000000008001a58                TIM6_DAC_IRQHandler
                0x0000000008001a58                TIM8_UP_IRQHandler
                0x0000000008001a58                DMA2_Channel2_IRQHandler
                0x0000000008001a58                DMA1_Channel4_IRQHandler
                0x0000000008001a58                SAI2_IRQHandler
                0x0000000008001a58                DFSDM1_FLT3_IRQHandler
                0x0000000008001a58                USART3_IRQHandler
                0x0000000008001a58                DMA1_Channel7_IRQHandler
                0x0000000008001a58                CAN1_RX1_IRQHandler
                0x0000000008001a58                UART5_IRQHandler
                0x0000000008001a58                ADC3_IRQHandler
                0x0000000008001a58                TIM4_IRQHandler
                0x0000000008001a58                DMA2_Channel1_IRQHandler
                0x0000000008001a58                QUADSPI_IRQHandler
                0x0000000008001a58                I2C1_EV_IRQHandler
                0x0000000008001a58                DMA1_Channel6_IRQHandler
                0x0000000008001a58                UART4_IRQHandler
                0x0000000008001a58                DMA2_Channel4_IRQHandler
                0x0000000008001a58                TIM3_IRQHandler
                0x0000000008001a58                RCC_IRQHandler
                0x0000000008001a58                DMA1_Channel1_IRQHandler
                0x0000000008001a58                Default_Handler
                0x0000000008001a58                DMA2_Channel7_IRQHandler
                0x0000000008001a58                TIM7_IRQHandler
                0x0000000008001a58                SDMMC1_IRQHandler
                0x0000000008001a58                TIM5_IRQHandler
                0x0000000008001a58                I2C3_EV_IRQHandler
                0x0000000008001a58                RTC_WKUP_IRQHandler
                0x0000000008001a58                PVD_PVM_IRQHandler
                0x0000000008001a58                SPI2_IRQHandler
                0x0000000008001a58                CAN1_TX_IRQHandler
                0x0000000008001a58                DMA2_Channel5_IRQHandler
                0x0000000008001a58                DMA1_Channel5_IRQHandler
                0x0000000008001a58                EXTI4_IRQHandler
                0x0000000008001a58                RNG_IRQHandler
                0x0000000008001a58                TIM1_TRG_COM_TIM17_IRQHandler
                0x0000000008001a58                DMA1_Channel3_IRQHandler
                0x0000000008001a58                COMP_IRQHandler
                0x0000000008001a58                WWDG_IRQHandler
                0x0000000008001a58                LPUART1_IRQHandler
                0x0000000008001a58                DMA2_Channel6_IRQHandler
                0x0000000008001a58                TIM2_IRQHandler
                0x0000000008001a58                EXTI1_IRQHandler
                0x0000000008001a58                USART2_IRQHandler
                0x0000000008001a58                DFSDM1_FLT0_IRQHandler
                0x0000000008001a58                I2C2_ER_IRQHandler
                0x0000000008001a58                DMA1_Channel2_IRQHandler
                0x0000000008001a58                TIM8_BRK_IRQHandler
                0x0000000008001a58                CAN1_SCE_IRQHandler
                0x0000000008001a58                FLASH_IRQHandler
                0x0000000008001a58                USART1_IRQHandler
                0x0000000008001a58                SPI3_IRQHandler
                0x0000000008001a58                I2C1_ER_IRQHandler
                0x0000000008001a58                FMC_IRQHandler
                0x0000000008001a58                SWPMI1_IRQHandler
                0x0000000008001a58                LPTIM1_IRQHandler
                0x0000000008001a58                SAI1_IRQHandler
                0x0000000008001a58                DMA2_Channel3_IRQHandler
                0x0000000008001a58                TIM1_BRK_TIM15_IRQHandler
 .text.HAL_Init
                0x0000000008001a5a       0x30 ./Drivers/STM32L4xx_HAL_Driver/Src/stm32l4xx_hal.o
                0x0000000008001a5a                HAL_Init
 *fill*         0x0000000008001a8a        0x2 
 .text.HAL_InitTick
                0x0000000008001a8c       0x78 ./Drivers/STM32L4xx_HAL_Driver/Src/stm32l4xx_hal.o
                0x0000000008001a8c                HAL_InitTick
 .text.HAL_IncTick
                0x0000000008001b04       0x28 ./Drivers/STM32L4xx_HAL_Driver/Src/stm32l4xx_hal.o
                0x0000000008001b04                HAL_IncTick
 .text.HAL_GetTick
                0x0000000008001b2c       0x18 ./Drivers/STM32L4xx_HAL_Driver/Src/stm32l4xx_hal.o
                0x0000000008001b2c                HAL_GetTick
 .text.HAL_Delay
                0x0000000008001b44       0x48 ./Drivers/STM32L4xx_HAL_Driver/Src/stm32l4xx_hal.o
                0x0000000008001b44                HAL_Delay
 .text.__NVIC_SetPriorityGrouping
                0x0000000008001b8c       0x48 ./Drivers/STM32L4xx_HAL_Driver/Src/stm32l4xx_hal_cortex.o
 .text.__NVIC_GetPriorityGrouping
                0x0000000008001bd4       0x1c ./Drivers/STM32L4xx_HAL_Driver/Src/stm32l4xx_hal_cortex.o
 .text.__NVIC_EnableIRQ
                0x0000000008001bf0       0x3c ./Drivers/STM32L4xx_HAL_Driver/Src/stm32l4xx_hal_cortex.o
 .text.__NVIC_SetPriority
                0x0000000008001c2c       0x54 ./Drivers/STM32L4xx_HAL_Driver/Src/stm32l4xx_hal_cortex.o
 .text.NVIC_EncodePriority
                0x0000000008001c80       0x66 ./Drivers/STM32L4xx_HAL_Driver/Src/stm32l4xx_hal_cortex.o
 *fill*         0x0000000008001ce6        0x2 
 .text.SysTick_Config
                0x0000000008001ce8       0x44 ./Drivers/STM32L4xx_HAL_Driver/Src/stm32l4xx_hal_cortex.o
 .text.HAL_NVIC_SetPriorityGrouping
                0x0000000008001d2c       0x16 ./Drivers/STM32L4xx_HAL_Driver/Src/stm32l4xx_hal_cortex.o
                0x0000000008001d2c                HAL_NVIC_SetPriorityGrouping
 .text.HAL_NVIC_SetPriority
                0x0000000008001d42       0x38 ./Drivers/STM32L4xx_HAL_Driver/Src/stm32l4xx_hal_cortex.o
                0x0000000008001d42                HAL_NVIC_SetPriority
 .text.HAL_NVIC_EnableIRQ
                0x0000000008001d7a       0x1c ./Drivers/STM32L4xx_HAL_Driver/Src/stm32l4xx_hal_cortex.o
                0x0000000008001d7a                HAL_NVIC_EnableIRQ
 .text.HAL_SYSTICK_Config
                0x0000000008001d96       0x18 ./Drivers/STM32L4xx_HAL_Driver/Src/stm32l4xx_hal_cortex.o
                0x0000000008001d96                HAL_SYSTICK_Config
 *fill*         0x0000000008001dae        0x2 
 .text.HAL_DFSDM_ChannelInit
                0x0000000008001db0      0x180 ./Drivers/STM32L4xx_HAL_Driver/Src/stm32l4xx_hal_dfsdm.o
                0x0000000008001db0                HAL_DFSDM_ChannelInit
 .text.DFSDM_GetChannelFromInstance
                0x0000000008001f30       0x98 ./Drivers/STM32L4xx_HAL_Driver/Src/stm32l4xx_hal_dfsdm.o
 .text.HAL_GPIO_Init
                0x0000000008001fc8      0x354 ./Drivers/STM32L4xx_HAL_Driver/Src/stm32l4xx_hal_gpio.o
                0x0000000008001fc8                HAL_GPIO_Init
 .text.HAL_GPIO_ReadPin
                0x000000000800231c       0x30 ./Drivers/STM32L4xx_HAL_Driver/Src/stm32l4xx_hal_gpio.o
                0x000000000800231c                HAL_GPIO_ReadPin
 .text.HAL_GPIO_WritePin
                0x000000000800234c       0x30 ./Drivers/STM32L4xx_HAL_Driver/Src/stm32l4xx_hal_gpio.o
                0x000000000800234c                HAL_GPIO_WritePin
 .text.HAL_GPIO_EXTI_IRQHandler
                0x000000000800237c       0x30 ./Drivers/STM32L4xx_HAL_Driver/Src/stm32l4xx_hal_gpio.o
                0x000000000800237c                HAL_GPIO_EXTI_IRQHandler
 .text.HAL_GPIO_EXTI_Callback
                0x00000000080023ac       0x16 ./Drivers/STM32L4xx_HAL_Driver/Src/stm32l4xx_hal_gpio.o
                0x00000000080023ac                HAL_GPIO_EXTI_Callback
 .text.HAL_I2C_Init
                0x00000000080023c2      0x136 ./Drivers/STM32L4xx_HAL_Driver/Src/stm32l4xx_hal_i2c.o
                0x00000000080023c2                HAL_I2C_Init
 .text.HAL_I2C_Mem_Write
                0x00000000080024f8      0x228 ./Drivers/STM32L4xx_HAL_Driver/Src/stm32l4xx_hal_i2c.o
                0x00000000080024f8                HAL_I2C_Mem_Write
 .text.HAL_I2C_Mem_Read
                0x0000000008002720      0x234 ./Drivers/STM32L4xx_HAL_Driver/Src/stm32l4xx_hal_i2c.o
                0x0000000008002720                HAL_I2C_Mem_Read
 .text.I2C_RequestMemoryWrite
                0x0000000008002954       0xa8 ./Drivers/STM32L4xx_HAL_Driver/Src/stm32l4xx_hal_i2c.o
 .text.I2C_RequestMemoryRead
                0x00000000080029fc       0xa8 ./Drivers/STM32L4xx_HAL_Driver/Src/stm32l4xx_hal_i2c.o
 .text.I2C_Flush_TXDR
                0x0000000008002aa4       0x48 ./Drivers/STM32L4xx_HAL_Driver/Src/stm32l4xx_hal_i2c.o
 .text.I2C_WaitOnFlagUntilTimeout
                0x0000000008002aec       0x9e ./Drivers/STM32L4xx_HAL_Driver/Src/stm32l4xx_hal_i2c.o
 .text.I2C_WaitOnTXISFlagUntilTimeout
                0x0000000008002b8a       0x8e ./Drivers/STM32L4xx_HAL_Driver/Src/stm32l4xx_hal_i2c.o
 .text.I2C_WaitOnSTOPFlagUntilTimeout
                0x0000000008002c18       0x86 ./Drivers/STM32L4xx_HAL_Driver/Src/stm32l4xx_hal_i2c.o
 *fill*         0x0000000008002c9e        0x2 
 .text.I2C_IsErrorOccurred
                0x0000000008002ca0      0x1c0 ./Drivers/STM32L4xx_HAL_Driver/Src/stm32l4xx_hal_i2c.o
 .text.I2C_TransferConfig
                0x0000000008002e60       0x64 ./Drivers/STM32L4xx_HAL_Driver/Src/stm32l4xx_hal_i2c.o
 .text.HAL_I2CEx_ConfigAnalogFilter
                0x0000000008002ec4       0x96 ./Drivers/STM32L4xx_HAL_Driver/Src/stm32l4xx_hal_i2c_ex.o
                0x0000000008002ec4                HAL_I2CEx_ConfigAnalogFilter
 .text.HAL_I2CEx_ConfigDigitalFilter
                0x0000000008002f5a       0x98 ./Drivers/STM32L4xx_HAL_Driver/Src/stm32l4xx_hal_i2c_ex.o
                0x0000000008002f5a                HAL_I2CEx_ConfigDigitalFilter
 .text.HAL_PCD_Init
                0x0000000008002ff2      0x248 ./Drivers/STM32L4xx_HAL_Driver/Src/stm32l4xx_hal_pcd.o
                0x0000000008002ff2                HAL_PCD_Init
 .text.HAL_PCD_Start
                0x000000000800323a       0x5e ./Drivers/STM32L4xx_HAL_Driver/Src/stm32l4xx_hal_pcd.o
                0x000000000800323a                HAL_PCD_Start
 .text.HAL_PCD_IRQHandler
                0x0000000008003298      0x926 ./Drivers/STM32L4xx_HAL_Driver/Src/stm32l4xx_hal_pcd.o
                0x0000000008003298                HAL_PCD_IRQHandler
 .text.HAL_PCD_SetAddress
                0x0000000008003bbe       0x4a ./Drivers/STM32L4xx_HAL_Driver/Src/stm32l4xx_hal_pcd.o
                0x0000000008003bbe                HAL_PCD_SetAddress
 .text.HAL_PCD_EP_Open
                0x0000000008003c08       0xd0 ./Drivers/STM32L4xx_HAL_Driver/Src/stm32l4xx_hal_pcd.o
                0x0000000008003c08                HAL_PCD_EP_Open
 .text.HAL_PCD_EP_Close
                0x0000000008003cd8       0x94 ./Drivers/STM32L4xx_HAL_Driver/Src/stm32l4xx_hal_pcd.o
                0x0000000008003cd8                HAL_PCD_EP_Close
 .text.HAL_PCD_EP_Receive
                0x0000000008003d6c       0x64 ./Drivers/STM32L4xx_HAL_Driver/Src/stm32l4xx_hal_pcd.o
                0x0000000008003d6c                HAL_PCD_EP_Receive
 .text.HAL_PCD_EP_Transmit
                0x0000000008003dd0       0x62 ./Drivers/STM32L4xx_HAL_Driver/Src/stm32l4xx_hal_pcd.o
                0x0000000008003dd0                HAL_PCD_EP_Transmit
 .text.HAL_PCD_EP_SetStall
                0x0000000008003e32       0xc4 ./Drivers/STM32L4xx_HAL_Driver/Src/stm32l4xx_hal_pcd.o
                0x0000000008003e32                HAL_PCD_EP_SetStall
 .text.HAL_PCD_EP_ClrStall
                0x0000000008003ef6       0xac ./Drivers/STM32L4xx_HAL_Driver/Src/stm32l4xx_hal_pcd.o
                0x0000000008003ef6                HAL_PCD_EP_ClrStall
 .text.HAL_PCD_EP_Abort
                0x0000000008003fa2       0x62 ./Drivers/STM32L4xx_HAL_Driver/Src/stm32l4xx_hal_pcd.o
                0x0000000008003fa2                HAL_PCD_EP_Abort
 .text.PCD_WriteEmptyTxFifo
                0x0000000008004004      0x110 ./Drivers/STM32L4xx_HAL_Driver/Src/stm32l4xx_hal_pcd.o
 .text.PCD_EP_OutXfrComplete_int
                0x0000000008004114       0x9c ./Drivers/STM32L4xx_HAL_Driver/Src/stm32l4xx_hal_pcd.o
 .text.PCD_EP_OutSetupPacket_int
                0x00000000080041b0       0x68 ./Drivers/STM32L4xx_HAL_Driver/Src/stm32l4xx_hal_pcd.o
 .text.HAL_PCDEx_SetTxFiFo
                0x0000000008004218       0x8e ./Drivers/STM32L4xx_HAL_Driver/Src/stm32l4xx_hal_pcd_ex.o
                0x0000000008004218                HAL_PCDEx_SetTxFiFo
 .text.HAL_PCDEx_SetRxFiFo
                0x00000000080042a6       0x22 ./Drivers/STM32L4xx_HAL_Driver/Src/stm32l4xx_hal_pcd_ex.o
                0x00000000080042a6                HAL_PCDEx_SetRxFiFo
 .text.HAL_PCDEx_ActivateLPM
                0x00000000080042c8       0x48 ./Drivers/STM32L4xx_HAL_Driver/Src/stm32l4xx_hal_pcd_ex.o
                0x00000000080042c8                HAL_PCDEx_ActivateLPM
 .text.HAL_PWR_EnableBkUpAccess
                0x0000000008004310       0x20 ./Drivers/STM32L4xx_HAL_Driver/Src/stm32l4xx_hal_pwr.o
                0x0000000008004310                HAL_PWR_EnableBkUpAccess
 .text.HAL_PWREx_GetVoltageRange
                0x0000000008004330       0x1c ./Drivers/STM32L4xx_HAL_Driver/Src/stm32l4xx_hal_pwr_ex.o
                0x0000000008004330                HAL_PWREx_GetVoltageRange
 .text.HAL_PWREx_ControlVoltageScaling
                0x000000000800434c       0xac ./Drivers/STM32L4xx_HAL_Driver/Src/stm32l4xx_hal_pwr_ex.o
                0x000000000800434c                HAL_PWREx_ControlVoltageScaling
 .text.HAL_PWREx_EnableVddUSB
                0x00000000080043f8       0x20 ./Drivers/STM32L4xx_HAL_Driver/Src/stm32l4xx_hal_pwr_ex.o
                0x00000000080043f8                HAL_PWREx_EnableVddUSB
 .text.HAL_QSPI_Init
                0x0000000008004418       0xec ./Drivers/STM32L4xx_HAL_Driver/Src/stm32l4xx_hal_qspi.o
                0x0000000008004418                HAL_QSPI_Init
 .text.HAL_QSPI_SetTimeout
                0x0000000008004504       0x1c ./Drivers/STM32L4xx_HAL_Driver/Src/stm32l4xx_hal_qspi.o
                0x0000000008004504                HAL_QSPI_SetTimeout
 .text.QSPI_WaitFlagStateUntilTimeout
                0x0000000008004520       0x6e ./Drivers/STM32L4xx_HAL_Driver/Src/stm32l4xx_hal_qspi.o
 *fill*         0x000000000800458e        0x2 
 .text.HAL_RCC_OscConfig
                0x0000000008004590      0x7b8 ./Drivers/STM32L4xx_HAL_Driver/Src/stm32l4xx_hal_rcc.o
                0x0000000008004590                HAL_RCC_OscConfig
 .text.HAL_RCC_ClockConfig
                0x0000000008004d48      0x200 ./Drivers/STM32L4xx_HAL_Driver/Src/stm32l4xx_hal_rcc.o
                0x0000000008004d48                HAL_RCC_ClockConfig
 .text.HAL_RCC_GetSysClockFreq
                0x0000000008004f48      0x118 ./Drivers/STM32L4xx_HAL_Driver/Src/stm32l4xx_hal_rcc.o
                0x0000000008004f48                HAL_RCC_GetSysClockFreq
 .text.HAL_RCC_GetHCLKFreq
                0x0000000008005060       0x18 ./Drivers/STM32L4xx_HAL_Driver/Src/stm32l4xx_hal_rcc.o
                0x0000000008005060                HAL_RCC_GetHCLKFreq
 .text.HAL_RCC_GetPCLK1Freq
                0x0000000008005078       0x2c ./Drivers/STM32L4xx_HAL_Driver/Src/stm32l4xx_hal_rcc.o
                0x0000000008005078                HAL_RCC_GetPCLK1Freq
 .text.HAL_RCC_GetPCLK2Freq
                0x00000000080050a4       0x2c ./Drivers/STM32L4xx_HAL_Driver/Src/stm32l4xx_hal_rcc.o
                0x00000000080050a4                HAL_RCC_GetPCLK2Freq
 .text.RCC_SetFlashLatencyFromMSIRange
                0x00000000080050d0       0xc0 ./Drivers/STM32L4xx_HAL_Driver/Src/stm32l4xx_hal_rcc.o
 .text.HAL_RCCEx_PeriphCLKConfig
                0x0000000008005190      0x5d4 ./Drivers/STM32L4xx_HAL_Driver/Src/stm32l4xx_hal_rcc_ex.o
                0x0000000008005190                HAL_RCCEx_PeriphCLKConfig
 .text.HAL_RCCEx_EnableMSIPLLMode
                0x0000000008005764       0x20 ./Drivers/STM32L4xx_HAL_Driver/Src/stm32l4xx_hal_rcc_ex.o
                0x0000000008005764                HAL_RCCEx_EnableMSIPLLMode
 .text.RCCEx_PLLSAI1_Config
                0x0000000008005784      0x1e8 ./Drivers/STM32L4xx_HAL_Driver/Src/stm32l4xx_hal_rcc_ex.o
 .text.RCCEx_PLLSAI2_Config
                0x000000000800596c      0x1bc ./Drivers/STM32L4xx_HAL_Driver/Src/stm32l4xx_hal_rcc_ex.o
 .text.HAL_SPI_Init
                0x0000000008005b28      0x146 ./Drivers/STM32L4xx_HAL_Driver/Src/stm32l4xx_hal_spi.o
                0x0000000008005b28                HAL_SPI_Init
 .text.HAL_UART_Init
                0x0000000008005c6e       0x9c ./Drivers/STM32L4xx_HAL_Driver/Src/stm32l4xx_hal_uart.o
                0x0000000008005c6e                HAL_UART_Init
 *fill*         0x0000000008005d0a        0x2 
 .text.UART_SetConfig
                0x0000000008005d0c      0x570 ./Drivers/STM32L4xx_HAL_Driver/Src/stm32l4xx_hal_uart.o
                0x0000000008005d0c                UART_SetConfig
 .text.UART_AdvFeatureConfig
                0x000000000800627c      0x144 ./Drivers/STM32L4xx_HAL_Driver/Src/stm32l4xx_hal_uart.o
                0x000000000800627c                UART_AdvFeatureConfig
 .text.UART_CheckIdleState
                0x00000000080063c0      0x150 ./Drivers/STM32L4xx_HAL_Driver/Src/stm32l4xx_hal_uart.o
                0x00000000080063c0                UART_CheckIdleState
 .text.UART_WaitOnFlagUntilTimeout
                0x0000000008006510       0xce ./Drivers/STM32L4xx_HAL_Driver/Src/stm32l4xx_hal_uart.o
                0x0000000008006510                UART_WaitOnFlagUntilTimeout
 .text.UART_EndRxTransfer
                0x00000000080065de       0xc8 ./Drivers/STM32L4xx_HAL_Driver/Src/stm32l4xx_hal_uart.o
 .text.USB_CoreInit
                0x00000000080066a6       0x58 ./Drivers/STM32L4xx_HAL_Driver/Src/stm32l4xx_ll_usb.o
                0x00000000080066a6                USB_CoreInit
 *fill*         0x00000000080066fe        0x2 
 .text.USB_SetTurnaroundTime
                0x0000000008006700      0x138 ./Drivers/STM32L4xx_HAL_Driver/Src/stm32l4xx_ll_usb.o
                0x0000000008006700                USB_SetTurnaroundTime
 .text.USB_EnableGlobalInt
                0x0000000008006838       0x22 ./Drivers/STM32L4xx_HAL_Driver/Src/stm32l4xx_ll_usb.o
                0x0000000008006838                USB_EnableGlobalInt
 .text.USB_DisableGlobalInt
                0x000000000800685a       0x22 ./Drivers/STM32L4xx_HAL_Driver/Src/stm32l4xx_ll_usb.o
                0x000000000800685a                USB_DisableGlobalInt
 .text.USB_SetCurrentMode
                0x000000000800687c       0x98 ./Drivers/STM32L4xx_HAL_Driver/Src/stm32l4xx_ll_usb.o
                0x000000000800687c                USB_SetCurrentMode
 .text.USB_DevInit
                0x0000000008006914      0x284 ./Drivers/STM32L4xx_HAL_Driver/Src/stm32l4xx_ll_usb.o
                0x0000000008006914                USB_DevInit
 .text.USB_FlushTxFifo
                0x0000000008006b98       0x68 ./Drivers/STM32L4xx_HAL_Driver/Src/stm32l4xx_ll_usb.o
                0x0000000008006b98                USB_FlushTxFifo
 .text.USB_FlushRxFifo
                0x0000000008006c00       0x60 ./Drivers/STM32L4xx_HAL_Driver/Src/stm32l4xx_ll_usb.o
                0x0000000008006c00                USB_FlushRxFifo
 .text.USB_SetDevSpeed
                0x0000000008006c60       0x32 ./Drivers/STM32L4xx_HAL_Driver/Src/stm32l4xx_ll_usb.o
                0x0000000008006c60                USB_SetDevSpeed
 .text.USB_GetDevSpeed
                0x0000000008006c92       0x3e ./Drivers/STM32L4xx_HAL_Driver/Src/stm32l4xx_ll_usb.o
                0x0000000008006c92                USB_GetDevSpeed
 .text.USB_ActivateEndpoint
                0x0000000008006cd0      0x10e ./Drivers/STM32L4xx_HAL_Driver/Src/stm32l4xx_ll_usb.o
                0x0000000008006cd0                USB_ActivateEndpoint
 *fill*         0x0000000008006dde        0x2 
 .text.USB_DeactivateEndpoint
                0x0000000008006de0      0x1b8 ./Drivers/STM32L4xx_HAL_Driver/Src/stm32l4xx_ll_usb.o
                0x0000000008006de0                USB_DeactivateEndpoint
 .text.USB_EPStartXfer
                0x0000000008006f98      0x464 ./Drivers/STM32L4xx_HAL_Driver/Src/stm32l4xx_ll_usb.o
                0x0000000008006f98                USB_EPStartXfer
 .text.USB_EPStopXfer
                0x00000000080073fc      0x154 ./Drivers/STM32L4xx_HAL_Driver/Src/stm32l4xx_ll_usb.o
                0x00000000080073fc                USB_EPStopXfer
 .text.USB_WritePacket
                0x0000000008007550       0x74 ./Drivers/STM32L4xx_HAL_Driver/Src/stm32l4xx_ll_usb.o
                0x0000000008007550                USB_WritePacket
 .text.USB_ReadPacket
                0x00000000080075c4       0xb0 ./Drivers/STM32L4xx_HAL_Driver/Src/stm32l4xx_ll_usb.o
                0x00000000080075c4                USB_ReadPacket
 .text.USB_EPSetStall
                0x0000000008007674       0xdc ./Drivers/STM32L4xx_HAL_Driver/Src/stm32l4xx_ll_usb.o
                0x0000000008007674                USB_EPSetStall
 .text.USB_EPClearStall
                0x0000000008007750       0xcc ./Drivers/STM32L4xx_HAL_Driver/Src/stm32l4xx_ll_usb.o
                0x0000000008007750                USB_EPClearStall
 .text.USB_SetDevAddress
                0x000000000800781c       0x4c ./Drivers/STM32L4xx_HAL_Driver/Src/stm32l4xx_ll_usb.o
                0x000000000800781c                USB_SetDevAddress
 .text.USB_DevConnect
                0x0000000008007868       0x42 ./Drivers/STM32L4xx_HAL_Driver/Src/stm32l4xx_ll_usb.o
                0x0000000008007868                USB_DevConnect
 .text.USB_DevDisconnect
                0x00000000080078aa       0x42 ./Drivers/STM32L4xx_HAL_Driver/Src/stm32l4xx_ll_usb.o
                0x00000000080078aa                USB_DevDisconnect
 .text.USB_ReadInterrupts
                0x00000000080078ec       0x26 ./Drivers/STM32L4xx_HAL_Driver/Src/stm32l4xx_ll_usb.o
                0x00000000080078ec                USB_ReadInterrupts
 .text.USB_ReadDevAllOutEpInterrupt
                0x0000000008007912       0x34 ./Drivers/STM32L4xx_HAL_Driver/Src/stm32l4xx_ll_usb.o
                0x0000000008007912                USB_ReadDevAllOutEpInterrupt
 .text.USB_ReadDevAllInEpInterrupt
                0x0000000008007946       0x34 ./Drivers/STM32L4xx_HAL_Driver/Src/stm32l4xx_ll_usb.o
                0x0000000008007946                USB_ReadDevAllInEpInterrupt
 .text.USB_ReadDevOutEPInterrupt
                0x000000000800797a       0x3c ./Drivers/STM32L4xx_HAL_Driver/Src/stm32l4xx_ll_usb.o
                0x000000000800797a                USB_ReadDevOutEPInterrupt
 .text.USB_ReadDevInEPInterrupt
                0x00000000080079b6       0x5c ./Drivers/STM32L4xx_HAL_Driver/Src/stm32l4xx_ll_usb.o
                0x00000000080079b6                USB_ReadDevInEPInterrupt
 .text.USB_GetMode
                0x0000000008007a12       0x1c ./Drivers/STM32L4xx_HAL_Driver/Src/stm32l4xx_ll_usb.o
                0x0000000008007a12                USB_GetMode
 .text.USB_ActivateSetup
                0x0000000008007a2e       0x46 ./Drivers/STM32L4xx_HAL_Driver/Src/stm32l4xx_ll_usb.o
                0x0000000008007a2e                USB_ActivateSetup
 .text.USB_EP0_OutStart
                0x0000000008007a74       0x90 ./Drivers/STM32L4xx_HAL_Driver/Src/stm32l4xx_ll_usb.o
                0x0000000008007a74                USB_EP0_OutStart
 .text.USB_CoreReset
                0x0000000008007b04       0x68 ./Drivers/STM32L4xx_HAL_Driver/Src/stm32l4xx_ll_usb.o
 .text.USBD_CUSTOM_HID_Init
                0x0000000008007b6c      0x154 ./Middlewares/ST/STM32_USB_Device_Library/Class/CustomHID/Src/usbd_customhid.o
 .text.USBD_CUSTOM_HID_DeInit
                0x0000000008007cc0       0xf4 ./Middlewares/ST/STM32_USB_Device_Library/Class/CustomHID/Src/usbd_customhid.o
 .text.USBD_CUSTOM_HID_Setup
                0x0000000008007db4      0x234 ./Middlewares/ST/STM32_USB_Device_Library/Class/CustomHID/Src/usbd_customhid.o
 .text.USBD_CUSTOM_HID_SendReport
                0x0000000008007fe8       0x64 ./Middlewares/ST/STM32_USB_Device_Library/Class/CustomHID/Src/usbd_customhid.o
                0x0000000008007fe8                USBD_CUSTOM_HID_SendReport
 .text.USBD_CUSTOM_HID_GetFSCfgDesc
                0x000000000800804c       0x64 ./Middlewares/ST/STM32_USB_Device_Library/Class/CustomHID/Src/usbd_customhid.o
 .text.USBD_CUSTOM_HID_GetHSCfgDesc
                0x00000000080080b0       0x64 ./Middlewares/ST/STM32_USB_Device_Library/Class/CustomHID/Src/usbd_customhid.o
 .text.USBD_CUSTOM_HID_GetOtherSpeedCfgDesc
                0x0000000008008114       0x64 ./Middlewares/ST/STM32_USB_Device_Library/Class/CustomHID/Src/usbd_customhid.o
 .text.USBD_CUSTOM_HID_DataIn
                0x0000000008008178       0x2c ./Middlewares/ST/STM32_USB_Device_Library/Class/CustomHID/Src/usbd_customhid.o
 .text.USBD_CUSTOM_HID_DataOut
                0x00000000080081a4       0x5a ./Middlewares/ST/STM32_USB_Device_Library/Class/CustomHID/Src/usbd_customhid.o
 *fill*         0x00000000080081fe        0x2 
 .text.USBD_CUSTOM_HID_ReceivePacket
                0x0000000008008200       0x4c ./Middlewares/ST/STM32_USB_Device_Library/Class/CustomHID/Src/usbd_customhid.o
                0x0000000008008200                USBD_CUSTOM_HID_ReceivePacket
 .text.USBD_CUSTOM_HID_EP0_RxReady
                0x000000000800824c       0x58 ./Middlewares/ST/STM32_USB_Device_Library/Class/CustomHID/Src/usbd_customhid.o
 .text.USBD_CUSTOM_HID_GetDeviceQualifierDesc
                0x00000000080082a4       0x20 ./Middlewares/ST/STM32_USB_Device_Library/Class/CustomHID/Src/usbd_customhid.o
 .text.USBD_CUSTOM_HID_RegisterInterface
                0x00000000080082c4       0x34 ./Middlewares/ST/STM32_USB_Device_Library/Class/CustomHID/Src/usbd_customhid.o
                0x00000000080082c4                USBD_CUSTOM_HID_RegisterInterface
 .text.USBD_Init
                0x00000000080082f8       0x60 ./Middlewares/ST/STM32_USB_Device_Library/Core/Src/usbd_core.o
                0x00000000080082f8                USBD_Init
 .text.USBD_RegisterClass
                0x0000000008008358       0x6c ./Middlewares/ST/STM32_USB_Device_Library/Core/Src/usbd_core.o
                0x0000000008008358                USBD_RegisterClass
 .text.USBD_Start
                0x00000000080083c4       0x18 ./Middlewares/ST/STM32_USB_Device_Library/Core/Src/usbd_core.o
                0x00000000080083c4                USBD_Start
 .text.USBD_RunTestMode
                0x00000000080083dc       0x16 ./Middlewares/ST/STM32_USB_Device_Library/Core/Src/usbd_core.o
                0x00000000080083dc                USBD_RunTestMode
 .text.USBD_SetClassConfig
                0x00000000080083f2       0x38 ./Middlewares/ST/STM32_USB_Device_Library/Core/Src/usbd_core.o
                0x00000000080083f2                USBD_SetClassConfig
 .text.USBD_ClrClassConfig
                0x000000000800842a       0x34 ./Middlewares/ST/STM32_USB_Device_Library/Core/Src/usbd_core.o
                0x000000000800842a                USBD_ClrClassConfig
 .text.USBD_LL_SetupStage
                0x000000000800845e       0xaa ./Middlewares/ST/STM32_USB_Device_Library/Core/Src/usbd_core.o
                0x000000000800845e                USBD_LL_SetupStage
 .text.USBD_LL_DataOutStage
                0x0000000008008508      0x166 ./Middlewares/ST/STM32_USB_Device_Library/Core/Src/usbd_core.o
                0x0000000008008508                USBD_LL_DataOutStage
 .text.USBD_LL_DataInStage
                0x000000000800866e      0x164 ./Middlewares/ST/STM32_USB_Device_Library/Core/Src/usbd_core.o
                0x000000000800866e                USBD_LL_DataInStage
 .text.USBD_LL_Reset
                0x00000000080087d2       0xa4 ./Middlewares/ST/STM32_USB_Device_Library/Core/Src/usbd_core.o
                0x00000000080087d2                USBD_LL_Reset
 .text.USBD_LL_SetSpeed
                0x0000000008008876       0x20 ./Middlewares/ST/STM32_USB_Device_Library/Core/Src/usbd_core.o
                0x0000000008008876                USBD_LL_SetSpeed
 .text.USBD_LL_Suspend
                0x0000000008008896       0x38 ./Middlewares/ST/STM32_USB_Device_Library/Core/Src/usbd_core.o
                0x0000000008008896                USBD_LL_Suspend
 .text.USBD_LL_Resume
                0x00000000080088ce       0x30 ./Middlewares/ST/STM32_USB_Device_Library/Core/Src/usbd_core.o
                0x00000000080088ce                USBD_LL_Resume
 .text.USBD_LL_SOF
                0x00000000080088fe       0x40 ./Middlewares/ST/STM32_USB_Device_Library/Core/Src/usbd_core.o
                0x00000000080088fe                USBD_LL_SOF
 .text.USBD_LL_IsoINIncomplete
                0x000000000800893e       0x64 ./Middlewares/ST/STM32_USB_Device_Library/Core/Src/usbd_core.o
                0x000000000800893e                USBD_LL_IsoINIncomplete
 .text.USBD_LL_IsoOUTIncomplete
                0x00000000080089a2       0x64 ./Middlewares/ST/STM32_USB_Device_Library/Core/Src/usbd_core.o
                0x00000000080089a2                USBD_LL_IsoOUTIncomplete
 .text.USBD_LL_DevConnected
                0x0000000008008a06       0x16 ./Middlewares/ST/STM32_USB_Device_Library/Core/Src/usbd_core.o
                0x0000000008008a06                USBD_LL_DevConnected
 .text.USBD_LL_DevDisconnected
                0x0000000008008a1c       0x46 ./Middlewares/ST/STM32_USB_Device_Library/Core/Src/usbd_core.o
                0x0000000008008a1c                USBD_LL_DevDisconnected
 .text.USBD_CoreFindIF
                0x0000000008008a62       0x1a ./Middlewares/ST/STM32_USB_Device_Library/Core/Src/usbd_core.o
                0x0000000008008a62                USBD_CoreFindIF
 .text.USBD_CoreFindEP
                0x0000000008008a7c       0x1a ./Middlewares/ST/STM32_USB_Device_Library/Core/Src/usbd_core.o
                0x0000000008008a7c                USBD_CoreFindEP
 .text.USBD_GetEpDesc
                0x0000000008008a96       0x74 ./Middlewares/ST/STM32_USB_Device_Library/Core/Src/usbd_core.o
                0x0000000008008a96                USBD_GetEpDesc
 .text.USBD_GetNextDesc
                0x0000000008008b0a       0x3a ./Middlewares/ST/STM32_USB_Device_Library/Core/Src/usbd_core.o
                0x0000000008008b0a                USBD_GetNextDesc
 .text.SWAPBYTE
                0x0000000008008b44       0x3c ./Middlewares/ST/STM32_USB_Device_Library/Core/Src/usbd_ctlreq.o
 .text.USBD_StdDevReq
                0x0000000008008b80       0xe4 ./Middlewares/ST/STM32_USB_Device_Library/Core/Src/usbd_ctlreq.o
                0x0000000008008b80                USBD_StdDevReq
 .text.USBD_StdItfReq
                0x0000000008008c64       0xd8 ./Middlewares/ST/STM32_USB_Device_Library/Core/Src/usbd_ctlreq.o
                0x0000000008008c64                USBD_StdItfReq
 .text.USBD_StdEPReq
                0x0000000008008d3c      0x33a ./Middlewares/ST/STM32_USB_Device_Library/Core/Src/usbd_ctlreq.o
                0x0000000008008d3c                USBD_StdEPReq
 *fill*         0x0000000008009076        0x2 
 .text.USBD_GetDescriptor
                0x0000000008009078      0x328 ./Middlewares/ST/STM32_USB_Device_Library/Core/Src/usbd_ctlreq.o
 .text.USBD_SetAddress
                0x00000000080093a0       0x88 ./Middlewares/ST/STM32_USB_Device_Library/Core/Src/usbd_ctlreq.o
 .text.USBD_SetConfig
                0x0000000008009428      0x154 ./Middlewares/ST/STM32_USB_Device_Library/Core/Src/usbd_ctlreq.o
 .text.USBD_GetConfig
                0x000000000800957c       0x6c ./Middlewares/ST/STM32_USB_Device_Library/Core/Src/usbd_ctlreq.o
 .text.USBD_GetStatus
                0x00000000080095e8       0x68 ./Middlewares/ST/STM32_USB_Device_Library/Core/Src/usbd_ctlreq.o
 .text.USBD_SetFeature
                0x0000000008009650       0x52 ./Middlewares/ST/STM32_USB_Device_Library/Core/Src/usbd_ctlreq.o
 .text.USBD_ClrFeature
                0x00000000080096a2       0x44 ./Middlewares/ST/STM32_USB_Device_Library/Core/Src/usbd_ctlreq.o
 .text.USBD_ParseSetupRequest
                0x00000000080096e6       0x74 ./Middlewares/ST/STM32_USB_Device_Library/Core/Src/usbd_ctlreq.o
                0x00000000080096e6                USBD_ParseSetupRequest
 .text.USBD_CtlError
                0x000000000800975a       0x22 ./Middlewares/ST/STM32_USB_Device_Library/Core/Src/usbd_ctlreq.o
                0x000000000800975a                USBD_CtlError
 .text.USBD_GetString
                0x000000000800977c       0x8c ./Middlewares/ST/STM32_USB_Device_Library/Core/Src/usbd_ctlreq.o
                0x000000000800977c                USBD_GetString
 .text.USBD_GetLen
                0x0000000008009808       0x34 ./Middlewares/ST/STM32_USB_Device_Library/Core/Src/usbd_ctlreq.o
 .text.USBD_CtlSendData
                0x000000000800983c       0x36 ./Middlewares/ST/STM32_USB_Device_Library/Core/Src/usbd_ioreq.o
                0x000000000800983c                USBD_CtlSendData
 .text.USBD_CtlContinueSendData
                0x0000000008009872       0x22 ./Middlewares/ST/STM32_USB_Device_Library/Core/Src/usbd_ioreq.o
                0x0000000008009872                USBD_CtlContinueSendData
 .text.USBD_CtlPrepareRx
                0x0000000008009894       0x3a ./Middlewares/ST/STM32_USB_Device_Library/Core/Src/usbd_ioreq.o
                0x0000000008009894                USBD_CtlPrepareRx
 .text.USBD_CtlContinueRx
                0x00000000080098ce       0x22 ./Middlewares/ST/STM32_USB_Device_Library/Core/Src/usbd_ioreq.o
                0x00000000080098ce                USBD_CtlContinueRx
 .text.USBD_CtlSendStatus
                0x00000000080098f0       0x26 ./Middlewares/ST/STM32_USB_Device_Library/Core/Src/usbd_ioreq.o
                0x00000000080098f0                USBD_CtlSendStatus
 .text.USBD_CtlReceiveStatus
                0x0000000008009916       0x26 ./Middlewares/ST/STM32_USB_Device_Library/Core/Src/usbd_ioreq.o
                0x0000000008009916                USBD_CtlReceiveStatus
 .text.MX_USB_DEVICE_Init
                0x000000000800993c       0x60 ./USB_DEVICE/App/usb_device.o
                0x000000000800993c                MX_USB_DEVICE_Init
 .text.CUSTOM_HID_Init_FS
                0x000000000800999c       0x10 ./USB_DEVICE/App/usbd_custom_hid_if.o
 .text.CUSTOM_HID_DeInit_FS
                0x00000000080099ac       0x10 ./USB_DEVICE/App/usbd_custom_hid_if.o
 .text.CUSTOM_HID_OutEvent_FS
                0x00000000080099bc       0x24 ./USB_DEVICE/App/usbd_custom_hid_if.o
 .text.USBD_CUSTOM_HID_SendReport_FS
                0x00000000080099e0       0x28 ./USB_DEVICE/App/usbd_custom_hid_if.o
                0x00000000080099e0                USBD_CUSTOM_HID_SendReport_FS
 .text.USBD_FS_DeviceDescriptor
                0x0000000008009a08       0x24 ./USB_DEVICE/App/usbd_desc.o
                0x0000000008009a08                USBD_FS_DeviceDescriptor
 .text.USBD_FS_LangIDStrDescriptor
                0x0000000008009a2c       0x24 ./USB_DEVICE/App/usbd_desc.o
                0x0000000008009a2c                USBD_FS_LangIDStrDescriptor
 .text.USBD_FS_ProductStrDescriptor
                0x0000000008009a50       0x3c ./USB_DEVICE/App/usbd_desc.o
                0x0000000008009a50                USBD_FS_ProductStrDescriptor
 .text.USBD_FS_ManufacturerStrDescriptor
                0x0000000008009a8c       0x28 ./USB_DEVICE/App/usbd_desc.o
                0x0000000008009a8c                USBD_FS_ManufacturerStrDescriptor
 .text.USBD_FS_SerialStrDescriptor
                0x0000000008009ab4       0x24 ./USB_DEVICE/App/usbd_desc.o
                0x0000000008009ab4                USBD_FS_SerialStrDescriptor
 .text.USBD_FS_ConfigStrDescriptor
                0x0000000008009ad8       0x3c ./USB_DEVICE/App/usbd_desc.o
                0x0000000008009ad8                USBD_FS_ConfigStrDescriptor
 .text.USBD_FS_InterfaceStrDescriptor
                0x0000000008009b14       0x3c ./USB_DEVICE/App/usbd_desc.o
                0x0000000008009b14                USBD_FS_InterfaceStrDescriptor
 .text.USBD_FS_USR_BOSDescriptor
                0x0000000008009b50       0x24 ./USB_DEVICE/App/usbd_desc.o
                0x0000000008009b50                USBD_FS_USR_BOSDescriptor
 .text.Get_SerialNum
                0x0000000008009b74       0x58 ./USB_DEVICE/App/usbd_desc.o
 .text.IntToUnicode
                0x0000000008009bcc       0x7e ./USB_DEVICE/App/usbd_desc.o
 *fill*         0x0000000008009c4a        0x2 
 .text.HAL_PCD_MspInit
                0x0000000008009c4c      0x148 ./USB_DEVICE/Target/usbd_conf.o
                0x0000000008009c4c                HAL_PCD_MspInit
 .text.HAL_PCD_SetupStageCallback
                0x0000000008009d94       0x24 ./USB_DEVICE/Target/usbd_conf.o
                0x0000000008009d94                HAL_PCD_SetupStageCallback
 .text.HAL_PCD_DataOutStageCallback
                0x0000000008009db8       0x36 ./USB_DEVICE/Target/usbd_conf.o
                0x0000000008009db8                HAL_PCD_DataOutStageCallback
 .text.HAL_PCD_DataInStageCallback
                0x0000000008009dee       0x34 ./USB_DEVICE/Target/usbd_conf.o
                0x0000000008009dee                HAL_PCD_DataInStageCallback
 .text.HAL_PCD_SOFCallback
                0x0000000008009e22       0x1c ./USB_DEVICE/Target/usbd_conf.o
                0x0000000008009e22                HAL_PCD_SOFCallback
 .text.HAL_PCD_ResetCallback
                0x0000000008009e3e       0x3c ./USB_DEVICE/Target/usbd_conf.o
                0x0000000008009e3e                HAL_PCD_ResetCallback
 *fill*         0x0000000008009e7a        0x2 
 .text.HAL_PCD_SuspendCallback
                0x0000000008009e7c       0x4c ./USB_DEVICE/Target/usbd_conf.o
                0x0000000008009e7c                HAL_PCD_SuspendCallback
 .text.HAL_PCD_ResumeCallback
                0x0000000008009ec8       0x50 ./USB_DEVICE/Target/usbd_conf.o
                0x0000000008009ec8                HAL_PCD_ResumeCallback
 .text.HAL_PCD_ISOOUTIncompleteCallback
                0x0000000008009f18       0x24 ./USB_DEVICE/Target/usbd_conf.o
                0x0000000008009f18                HAL_PCD_ISOOUTIncompleteCallback
 .text.HAL_PCD_ISOINIncompleteCallback
                0x0000000008009f3c       0x24 ./USB_DEVICE/Target/usbd_conf.o
                0x0000000008009f3c                HAL_PCD_ISOINIncompleteCallback
 .text.HAL_PCD_ConnectCallback
                0x0000000008009f60       0x1c ./USB_DEVICE/Target/usbd_conf.o
                0x0000000008009f60                HAL_PCD_ConnectCallback
 .text.HAL_PCD_DisconnectCallback
                0x0000000008009f7c       0x1c ./USB_DEVICE/Target/usbd_conf.o
                0x0000000008009f7c                HAL_PCD_DisconnectCallback
 .text.USBD_LL_Init
                0x0000000008009f98       0x98 ./USB_DEVICE/Target/usbd_conf.o
                0x0000000008009f98                USBD_LL_Init
 .text.USBD_LL_Start
                0x000000000800a030       0x64 ./USB_DEVICE/Target/usbd_conf.o
                0x000000000800a030                USBD_LL_Start
 .text.USBD_LL_OpenEP
                0x000000000800a094       0x7c ./USB_DEVICE/Target/usbd_conf.o
                0x000000000800a094                USBD_LL_OpenEP
 .text.USBD_LL_CloseEP
                0x000000000800a110       0x6c ./USB_DEVICE/Target/usbd_conf.o
                0x000000000800a110                USBD_LL_CloseEP
 .text.USBD_LL_StallEP
                0x000000000800a17c       0x6c ./USB_DEVICE/Target/usbd_conf.o
                0x000000000800a17c                USBD_LL_StallEP
 .text.USBD_LL_ClearStallEP
                0x000000000800a1e8       0x6c ./USB_DEVICE/Target/usbd_conf.o
                0x000000000800a1e8                USBD_LL_ClearStallEP
 .text.USBD_LL_IsStallEP
                0x000000000800a254       0x58 ./USB_DEVICE/Target/usbd_conf.o
                0x000000000800a254                USBD_LL_IsStallEP
 .text.USBD_LL_SetUSBAddress
                0x000000000800a2ac       0x6c ./USB_DEVICE/Target/usbd_conf.o
                0x000000000800a2ac                USBD_LL_SetUSBAddress
 .text.USBD_LL_Transmit
                0x000000000800a318       0x70 ./USB_DEVICE/Target/usbd_conf.o
                0x000000000800a318                USBD_LL_Transmit
 .text.USBD_LL_PrepareReceive
                0x000000000800a388       0x70 ./USB_DEVICE/Target/usbd_conf.o
                0x000000000800a388                USBD_LL_PrepareReceive
 .text.HAL_PCDEx_LPM_Callback
                0x000000000800a3f8       0x9c ./USB_DEVICE/Target/usbd_conf.o
                0x000000000800a3f8                HAL_PCDEx_LPM_Callback
 .text.USBD_static_malloc
                0x000000000800a494       0x1c ./USB_DEVICE/Target/usbd_conf.o
                0x000000000800a494                USBD_static_malloc
 .text.USBD_static_free
                0x000000000800a4b0       0x14 ./USB_DEVICE/Target/usbd_conf.o
                0x000000000800a4b0                USBD_static_free
 .text.SystemClockConfig_Resume
                0x000000000800a4c4        0xc ./USB_DEVICE/Target/usbd_conf.o
 .text.std      0x000000000800a4d0       0x6c C:/ST/STM32CubeIDE_1.14.1/STM32CubeIDE/plugins/com.st.stm32cube.ide.mcu.externaltools.gnu-tools-for-stm32.11.3.rel1.win32_1.1.100.202309141235/tools/bin/../lib/gcc/arm-none-eabi/11.3.1/../../../../arm-none-eabi/lib/thumb/v7e-m+fp/hard\libc_nano.a(libc_a-findfp.o)
 .text.stdio_exit_handler
                0x000000000800a53c       0x18 C:/ST/STM32CubeIDE_1.14.1/STM32CubeIDE/plugins/com.st.stm32cube.ide.mcu.externaltools.gnu-tools-for-stm32.11.3.rel1.win32_1.1.100.202309141235/tools/bin/../lib/gcc/arm-none-eabi/11.3.1/../../../../arm-none-eabi/lib/thumb/v7e-m+fp/hard\libc_nano.a(libc_a-findfp.o)
 .text.cleanup_stdio
                0x000000000800a554       0x40 C:/ST/STM32CubeIDE_1.14.1/STM32CubeIDE/plugins/com.st.stm32cube.ide.mcu.externaltools.gnu-tools-for-stm32.11.3.rel1.win32_1.1.100.202309141235/tools/bin/../lib/gcc/arm-none-eabi/11.3.1/../../../../arm-none-eabi/lib/thumb/v7e-m+fp/hard\libc_nano.a(libc_a-findfp.o)
 .text.global_stdio_init.part.0
                0x000000000800a594       0x3c C:/ST/STM32CubeIDE_1.14.1/STM32CubeIDE/plugins/com.st.stm32cube.ide.mcu.externaltools.gnu-tools-for-stm32.11.3.rel1.win32_1.1.100.202309141235/tools/bin/../lib/gcc/arm-none-eabi/11.3.1/../../../../arm-none-eabi/lib/thumb/v7e-m+fp/hard\libc_nano.a(libc_a-findfp.o)
 .text.__sfp_lock_acquire
                0x000000000800a5d0        0xc C:/ST/STM32CubeIDE_1.14.1/STM32CubeIDE/plugins/com.st.stm32cube.ide.mcu.externaltools.gnu-tools-for-stm32.11.3.rel1.win32_1.1.100.202309141235/tools/bin/../lib/gcc/arm-none-eabi/11.3.1/../../../../arm-none-eabi/lib/thumb/v7e-m+fp/hard\libc_nano.a(libc_a-findfp.o)
                0x000000000800a5d0                __sfp_lock_acquire
 .text.__sfp_lock_release
                0x000000000800a5dc        0xc C:/ST/STM32CubeIDE_1.14.1/STM32CubeIDE/plugins/com.st.stm32cube.ide.mcu.externaltools.gnu-tools-for-stm32.11.3.rel1.win32_1.1.100.202309141235/tools/bin/../lib/gcc/arm-none-eabi/11.3.1/../../../../arm-none-eabi/lib/thumb/v7e-m+fp/hard\libc_nano.a(libc_a-findfp.o)
                0x000000000800a5dc                __sfp_lock_release
 .text.__sinit  0x000000000800a5e8       0x30 C:/ST/STM32CubeIDE_1.14.1/STM32CubeIDE/plugins/com.st.stm32cube.ide.mcu.externaltools.gnu-tools-for-stm32.11.3.rel1.win32_1.1.100.202309141235/tools/bin/../lib/gcc/arm-none-eabi/11.3.1/../../../../arm-none-eabi/lib/thumb/v7e-m+fp/hard\libc_nano.a(libc_a-findfp.o)
                0x000000000800a5e8                __sinit
 .text._fwalk_sglue
                0x000000000800a618       0x3c C:/ST/STM32CubeIDE_1.14.1/STM32CubeIDE/plugins/com.st.stm32cube.ide.mcu.externaltools.gnu-tools-for-stm32.11.3.rel1.win32_1.1.100.202309141235/tools/bin/../lib/gcc/arm-none-eabi/11.3.1/../../../../arm-none-eabi/lib/thumb/v7e-m+fp/hard\libc_nano.a(libc_a-fwalk.o)
                0x000000000800a618                _fwalk_sglue
 .text.printf   0x000000000800a654       0x24 C:/ST/STM32CubeIDE_1.14.1/STM32CubeIDE/plugins/com.st.stm32cube.ide.mcu.externaltools.gnu-tools-for-stm32.11.3.rel1.win32_1.1.100.202309141235/tools/bin/../lib/gcc/arm-none-eabi/11.3.1/../../../../arm-none-eabi/lib/thumb/v7e-m+fp/hard\libc_nano.a(libc_a-printf.o)
                0x000000000800a654                iprintf
                0x000000000800a654                printf
 .text.__sread  0x000000000800a678       0x22 C:/ST/STM32CubeIDE_1.14.1/STM32CubeIDE/plugins/com.st.stm32cube.ide.mcu.externaltools.gnu-tools-for-stm32.11.3.rel1.win32_1.1.100.202309141235/tools/bin/../lib/gcc/arm-none-eabi/11.3.1/../../../../arm-none-eabi/lib/thumb/v7e-m+fp/hard\libc_nano.a(libc_a-stdio.o)
                0x000000000800a678                __sread
 .text.__swrite
                0x000000000800a69a       0x38 C:/ST/STM32CubeIDE_1.14.1/STM32CubeIDE/plugins/com.st.stm32cube.ide.mcu.externaltools.gnu-tools-for-stm32.11.3.rel1.win32_1.1.100.202309141235/tools/bin/../lib/gcc/arm-none-eabi/11.3.1/../../../../arm-none-eabi/lib/thumb/v7e-m+fp/hard\libc_nano.a(libc_a-stdio.o)
                0x000000000800a69a                __swrite
 .text.__sseek  0x000000000800a6d2       0x24 C:/ST/STM32CubeIDE_1.14.1/STM32CubeIDE/plugins/com.st.stm32cube.ide.mcu.externaltools.gnu-tools-for-stm32.11.3.rel1.win32_1.1.100.202309141235/tools/bin/../lib/gcc/arm-none-eabi/11.3.1/../../../../arm-none-eabi/lib/thumb/v7e-m+fp/hard\libc_nano.a(libc_a-stdio.o)
                0x000000000800a6d2                __sseek
 .text.__sclose
                0x000000000800a6f6        0x8 C:/ST/STM32CubeIDE_1.14.1/STM32CubeIDE/plugins/com.st.stm32cube.ide.mcu.externaltools.gnu-tools-for-stm32.11.3.rel1.win32_1.1.100.202309141235/tools/bin/../lib/gcc/arm-none-eabi/11.3.1/../../../../arm-none-eabi/lib/thumb/v7e-m+fp/hard\libc_nano.a(libc_a-stdio.o)
                0x000000000800a6f6                __sclose
 .text.memset   0x000000000800a6fe       0x10 C:/ST/STM32CubeIDE_1.14.1/STM32CubeIDE/plugins/com.st.stm32cube.ide.mcu.externaltools.gnu-tools-for-stm32.11.3.rel1.win32_1.1.100.202309141235/tools/bin/../lib/gcc/arm-none-eabi/11.3.1/../../../../arm-none-eabi/lib/thumb/v7e-m+fp/hard\libc_nano.a(libc_a-memset.o)
                0x000000000800a6fe                memset
 *fill*         0x000000000800a70e        0x2 
 .text._close_r
                0x000000000800a710       0x20 C:/ST/STM32CubeIDE_1.14.1/STM32CubeIDE/plugins/com.st.stm32cube.ide.mcu.externaltools.gnu-tools-for-stm32.11.3.rel1.win32_1.1.100.202309141235/tools/bin/../lib/gcc/arm-none-eabi/11.3.1/../../../../arm-none-eabi/lib/thumb/v7e-m+fp/hard\libc_nano.a(libc_a-closer.o)
                0x000000000800a710                _close_r
 .text._lseek_r
                0x000000000800a730       0x24 C:/ST/STM32CubeIDE_1.14.1/STM32CubeIDE/plugins/com.st.stm32cube.ide.mcu.externaltools.gnu-tools-for-stm32.11.3.rel1.win32_1.1.100.202309141235/tools/bin/../lib/gcc/arm-none-eabi/11.3.1/../../../../arm-none-eabi/lib/thumb/v7e-m+fp/hard\libc_nano.a(libc_a-lseekr.o)
                0x000000000800a730                _lseek_r
 .text._read_r  0x000000000800a754       0x24 C:/ST/STM32CubeIDE_1.14.1/STM32CubeIDE/plugins/com.st.stm32cube.ide.mcu.externaltools.gnu-tools-for-stm32.11.3.rel1.win32_1.1.100.202309141235/tools/bin/../lib/gcc/arm-none-eabi/11.3.1/../../../../arm-none-eabi/lib/thumb/v7e-m+fp/hard\libc_nano.a(libc_a-readr.o)
                0x000000000800a754                _read_r
 .text._write_r
                0x000000000800a778       0x24 C:/ST/STM32CubeIDE_1.14.1/STM32CubeIDE/plugins/com.st.stm32cube.ide.mcu.externaltools.gnu-tools-for-stm32.11.3.rel1.win32_1.1.100.202309141235/tools/bin/../lib/gcc/arm-none-eabi/11.3.1/../../../../arm-none-eabi/lib/thumb/v7e-m+fp/hard\libc_nano.a(libc_a-writer.o)
                0x000000000800a778                _write_r
 .text.__errno  0x000000000800a79c        0xc C:/ST/STM32CubeIDE_1.14.1/STM32CubeIDE/plugins/com.st.stm32cube.ide.mcu.externaltools.gnu-tools-for-stm32.11.3.rel1.win32_1.1.100.202309141235/tools/bin/../lib/gcc/arm-none-eabi/11.3.1/../../../../arm-none-eabi/lib/thumb/v7e-m+fp/hard\libc_nano.a(libc_a-errno.o)
                0x000000000800a79c                __errno
 .text.__libc_init_array
                0x000000000800a7a8       0x48 C:/ST/STM32CubeIDE_1.14.1/STM32CubeIDE/plugins/com.st.stm32cube.ide.mcu.externaltools.gnu-tools-for-stm32.11.3.rel1.win32_1.1.100.202309141235/tools/bin/../lib/gcc/arm-none-eabi/11.3.1/../../../../arm-none-eabi/lib/thumb/v7e-m+fp/hard\libc_nano.a(libc_a-init.o)
                0x000000000800a7a8                __libc_init_array
 .text.__retarget_lock_init_recursive
                0x000000000800a7f0        0x2 C:/ST/STM32CubeIDE_1.14.1/STM32CubeIDE/plugins/com.st.stm32cube.ide.mcu.externaltools.gnu-tools-for-stm32.11.3.rel1.win32_1.1.100.202309141235/tools/bin/../lib/gcc/arm-none-eabi/11.3.1/../../../../arm-none-eabi/lib/thumb/v7e-m+fp/hard\libc_nano.a(libc_a-lock.o)
                0x000000000800a7f0                __retarget_lock_init_recursive
 .text.__retarget_lock_acquire_recursive
                0x000000000800a7f2        0x2 C:/ST/STM32CubeIDE_1.14.1/STM32CubeIDE/plugins/com.st.stm32cube.ide.mcu.externaltools.gnu-tools-for-stm32.11.3.rel1.win32_1.1.100.202309141235/tools/bin/../lib/gcc/arm-none-eabi/11.3.1/../../../../arm-none-eabi/lib/thumb/v7e-m+fp/hard\libc_nano.a(libc_a-lock.o)
                0x000000000800a7f2                __retarget_lock_acquire_recursive
 .text.__retarget_lock_release_recursive
                0x000000000800a7f4        0x2 C:/ST/STM32CubeIDE_1.14.1/STM32CubeIDE/plugins/com.st.stm32cube.ide.mcu.externaltools.gnu-tools-for-stm32.11.3.rel1.win32_1.1.100.202309141235/tools/bin/../lib/gcc/arm-none-eabi/11.3.1/../../../../arm-none-eabi/lib/thumb/v7e-m+fp/hard\libc_nano.a(libc_a-lock.o)
                0x000000000800a7f4                __retarget_lock_release_recursive
 *fill*         0x000000000800a7f6        0x2 
 .text._free_r  0x000000000800a7f8       0x98 C:/ST/STM32CubeIDE_1.14.1/STM32CubeIDE/plugins/com.st.stm32cube.ide.mcu.externaltools.gnu-tools-for-stm32.11.3.rel1.win32_1.1.100.202309141235/tools/bin/../lib/gcc/arm-none-eabi/11.3.1/../../../../arm-none-eabi/lib/thumb/v7e-m+fp/hard\libc_nano.a(libc_a-freer.o)
                0x000000000800a7f8                _free_r
 .text.sbrk_aligned
                0x000000000800a890       0x40 C:/ST/STM32CubeIDE_1.14.1/STM32CubeIDE/plugins/com.st.stm32cube.ide.mcu.externaltools.gnu-tools-for-stm32.11.3.rel1.win32_1.1.100.202309141235/tools/bin/../lib/gcc/arm-none-eabi/11.3.1/../../../../arm-none-eabi/lib/thumb/v7e-m+fp/hard\libc_nano.a(libc_a-mallocr.o)
 .text._malloc_r
                0x000000000800a8d0      0x100 C:/ST/STM32CubeIDE_1.14.1/STM32CubeIDE/plugins/com.st.stm32cube.ide.mcu.externaltools.gnu-tools-for-stm32.11.3.rel1.win32_1.1.100.202309141235/tools/bin/../lib/gcc/arm-none-eabi/11.3.1/../../../../arm-none-eabi/lib/thumb/v7e-m+fp/hard\libc_nano.a(libc_a-mallocr.o)
                0x000000000800a8d0                _malloc_r
 .text.__malloc_lock
                0x000000000800a9d0        0xc C:/ST/STM32CubeIDE_1.14.1/STM32CubeIDE/plugins/com.st.stm32cube.ide.mcu.externaltools.gnu-tools-for-stm32.11.3.rel1.win32_1.1.100.202309141235/tools/bin/../lib/gcc/arm-none-eabi/11.3.1/../../../../arm-none-eabi/lib/thumb/v7e-m+fp/hard\libc_nano.a(libc_a-mlock.o)
                0x000000000800a9d0                __malloc_lock
 .text.__malloc_unlock
                0x000000000800a9dc        0xc C:/ST/STM32CubeIDE_1.14.1/STM32CubeIDE/plugins/com.st.stm32cube.ide.mcu.externaltools.gnu-tools-for-stm32.11.3.rel1.win32_1.1.100.202309141235/tools/bin/../lib/gcc/arm-none-eabi/11.3.1/../../../../arm-none-eabi/lib/thumb/v7e-m+fp/hard\libc_nano.a(libc_a-mlock.o)
                0x000000000800a9dc                __malloc_unlock
 .text.__sfputc_r
                0x000000000800a9e8       0x2e C:/ST/STM32CubeIDE_1.14.1/STM32CubeIDE/plugins/com.st.stm32cube.ide.mcu.externaltools.gnu-tools-for-stm32.11.3.rel1.win32_1.1.100.202309141235/tools/bin/../lib/gcc/arm-none-eabi/11.3.1/../../../../arm-none-eabi/lib/thumb/v7e-m+fp/hard\libc_nano.a(libc_a-nano-vfprintf.o)
 .text.__sfputs_r
                0x000000000800aa16       0x24 C:/ST/STM32CubeIDE_1.14.1/STM32CubeIDE/plugins/com.st.stm32cube.ide.mcu.externaltools.gnu-tools-for-stm32.11.3.rel1.win32_1.1.100.202309141235/tools/bin/../lib/gcc/arm-none-eabi/11.3.1/../../../../arm-none-eabi/lib/thumb/v7e-m+fp/hard\libc_nano.a(libc_a-nano-vfprintf.o)
                0x000000000800aa16                __sfputs_r
 *fill*         0x000000000800aa3a        0x2 
 .text._vfprintf_r
                0x000000000800aa3c      0x234 C:/ST/STM32CubeIDE_1.14.1/STM32CubeIDE/plugins/com.st.stm32cube.ide.mcu.externaltools.gnu-tools-for-stm32.11.3.rel1.win32_1.1.100.202309141235/tools/bin/../lib/gcc/arm-none-eabi/11.3.1/../../../../arm-none-eabi/lib/thumb/v7e-m+fp/hard\libc_nano.a(libc_a-nano-vfprintf.o)
                0x000000000800aa3c                _vfprintf_r
                0x000000000800aa3c                _vfiprintf_r
 .text._printf_common
                0x000000000800ac70       0xda C:/ST/STM32CubeIDE_1.14.1/STM32CubeIDE/plugins/com.st.stm32cube.ide.mcu.externaltools.gnu-tools-for-stm32.11.3.rel1.win32_1.1.100.202309141235/tools/bin/../lib/gcc/arm-none-eabi/11.3.1/../../../../arm-none-eabi/lib/thumb/v7e-m+fp/hard\libc_nano.a(libc_a-nano-vfprintf_i.o)
                0x000000000800ac70                _printf_common
 *fill*         0x000000000800ad4a        0x2 
 .text._printf_i
                0x000000000800ad4c      0x244 C:/ST/STM32CubeIDE_1.14.1/STM32CubeIDE/plugins/com.st.stm32cube.ide.mcu.externaltools.gnu-tools-for-stm32.11.3.rel1.win32_1.1.100.202309141235/tools/bin/../lib/gcc/arm-none-eabi/11.3.1/../../../../arm-none-eabi/lib/thumb/v7e-m+fp/hard\libc_nano.a(libc_a-nano-vfprintf_i.o)
                0x000000000800ad4c                _printf_i
 .text.__sflush_r
                0x000000000800af90      0x10c C:/ST/STM32CubeIDE_1.14.1/STM32CubeIDE/plugins/com.st.stm32cube.ide.mcu.externaltools.gnu-tools-for-stm32.11.3.rel1.win32_1.1.100.202309141235/tools/bin/../lib/gcc/arm-none-eabi/11.3.1/../../../../arm-none-eabi/lib/thumb/v7e-m+fp/hard\libc_nano.a(libc_a-fflush.o)
                0x000000000800af90                __sflush_r
 .text._fflush_r
                0x000000000800b09c       0x50 C:/ST/STM32CubeIDE_1.14.1/STM32CubeIDE/plugins/com.st.stm32cube.ide.mcu.externaltools.gnu-tools-for-stm32.11.3.rel1.win32_1.1.100.202309141235/tools/bin/../lib/gcc/arm-none-eabi/11.3.1/../../../../arm-none-eabi/lib/thumb/v7e-m+fp/hard\libc_nano.a(libc_a-fflush.o)
                0x000000000800b09c                _fflush_r
 .text.__swbuf_r
                0x000000000800b0ec       0x7a C:/ST/STM32CubeIDE_1.14.1/STM32CubeIDE/plugins/com.st.stm32cube.ide.mcu.externaltools.gnu-tools-for-stm32.11.3.rel1.win32_1.1.100.202309141235/tools/bin/../lib/gcc/arm-none-eabi/11.3.1/../../../../arm-none-eabi/lib/thumb/v7e-m+fp/hard\libc_nano.a(libc_a-wbuf.o)
                0x000000000800b0ec                __swbuf_r
 *fill*         0x000000000800b166        0x2 
 .text.__swsetup_r
                0x000000000800b168       0xb0 C:/ST/STM32CubeIDE_1.14.1/STM32CubeIDE/plugins/com.st.stm32cube.ide.mcu.externaltools.gnu-tools-for-stm32.11.3.rel1.win32_1.1.100.202309141235/tools/bin/../lib/gcc/arm-none-eabi/11.3.1/../../../../arm-none-eabi/lib/thumb/v7e-m+fp/hard\libc_nano.a(libc_a-wsetup.o)
                0x000000000800b168                __swsetup_r
 .text._sbrk_r  0x000000000800b218       0x20 C:/ST/STM32CubeIDE_1.14.1/STM32CubeIDE/plugins/com.st.stm32cube.ide.mcu.externaltools.gnu-tools-for-stm32.11.3.rel1.win32_1.1.100.202309141235/tools/bin/../lib/gcc/arm-none-eabi/11.3.1/../../../../arm-none-eabi/lib/thumb/v7e-m+fp/hard\libc_nano.a(libc_a-sbrkr.o)
                0x000000000800b218                _sbrk_r
 .text.__swhatbuf_r
                0x000000000800b238       0x4c C:/ST/STM32CubeIDE_1.14.1/STM32CubeIDE/plugins/com.st.stm32cube.ide.mcu.externaltools.gnu-tools-for-stm32.11.3.rel1.win32_1.1.100.202309141235/tools/bin/../lib/gcc/arm-none-eabi/11.3.1/../../../../arm-none-eabi/lib/thumb/v7e-m+fp/hard\libc_nano.a(libc_a-makebuf.o)
                0x000000000800b238                __swhatbuf_r
 .text.__smakebuf_r
                0x000000000800b284       0x78 C:/ST/STM32CubeIDE_1.14.1/STM32CubeIDE/plugins/com.st.stm32cube.ide.mcu.externaltools.gnu-tools-for-stm32.11.3.rel1.win32_1.1.100.202309141235/tools/bin/../lib/gcc/arm-none-eabi/11.3.1/../../../../arm-none-eabi/lib/thumb/v7e-m+fp/hard\libc_nano.a(libc_a-makebuf.o)
                0x000000000800b284                __smakebuf_r
 .text._fstat_r
                0x000000000800b2fc       0x24 C:/ST/STM32CubeIDE_1.14.1/STM32CubeIDE/plugins/com.st.stm32cube.ide.mcu.externaltools.gnu-tools-for-stm32.11.3.rel1.win32_1.1.100.202309141235/tools/bin/../lib/gcc/arm-none-eabi/11.3.1/../../../../arm-none-eabi/lib/thumb/v7e-m+fp/hard\libc_nano.a(libc_a-fstatr.o)
                0x000000000800b2fc                _fstat_r
 .text._isatty_r
                0x000000000800b320       0x20 C:/ST/STM32CubeIDE_1.14.1/STM32CubeIDE/plugins/com.st.stm32cube.ide.mcu.externaltools.gnu-tools-for-stm32.11.3.rel1.win32_1.1.100.202309141235/tools/bin/../lib/gcc/arm-none-eabi/11.3.1/../../../../arm-none-eabi/lib/thumb/v7e-m+fp/hard\libc_nano.a(libc_a-isattyr.o)
                0x000000000800b320                _isatty_r
 *(.glue_7)
 .glue_7        0x000000000800b340        0x0 linker stubs
 *(.glue_7t)
 .glue_7t       0x000000000800b340        0x0 linker stubs
 *(.eh_frame)
 .eh_frame      0x000000000800b340        0x0 C:/ST/STM32CubeIDE_1.14.1/STM32CubeIDE/plugins/com.st.stm32cube.ide.mcu.externaltools.gnu-tools-for-stm32.11.3.rel1.win32_1.1.100.202309141235/tools/bin/../lib/gcc/arm-none-eabi/11.3.1/thumb/v7e-m+fp/hard/crtbegin.o
 *(.init)
 .init          0x000000000800b340        0x4 C:/ST/STM32CubeIDE_1.14.1/STM32CubeIDE/plugins/com.st.stm32cube.ide.mcu.externaltools.gnu-tools-for-stm32.11.3.rel1.win32_1.1.100.202309141235/tools/bin/../lib/gcc/arm-none-eabi/11.3.1/thumb/v7e-m+fp/hard/crti.o
                0x000000000800b340                _init
 .init          0x000000000800b344        0x8 C:/ST/STM32CubeIDE_1.14.1/STM32CubeIDE/plugins/com.st.stm32cube.ide.mcu.externaltools.gnu-tools-for-stm32.11.3.rel1.win32_1.1.100.202309141235/tools/bin/../lib/gcc/arm-none-eabi/11.3.1/thumb/v7e-m+fp/hard/crtn.o
 *(.fini)
 .fini          0x000000000800b34c        0x4 C:/ST/STM32CubeIDE_1.14.1/STM32CubeIDE/plugins/com.st.stm32cube.ide.mcu.externaltools.gnu-tools-for-stm32.11.3.rel1.win32_1.1.100.202309141235/tools/bin/../lib/gcc/arm-none-eabi/11.3.1/thumb/v7e-m+fp/hard/crti.o
                0x000000000800b34c                _fini
 .fini          0x000000000800b350        0x8 C:/ST/STM32CubeIDE_1.14.1/STM32CubeIDE/plugins/com.st.stm32cube.ide.mcu.externaltools.gnu-tools-for-stm32.11.3.rel1.win32_1.1.100.202309141235/tools/bin/../lib/gcc/arm-none-eabi/11.3.1/thumb/v7e-m+fp/hard/crtn.o
                0x000000000800b358                . = ALIGN (0x4)
                0x000000000800b358                _etext = .

.vfp11_veneer   0x000000000800b358        0x0
 .vfp11_veneer  0x000000000800b358        0x0 linker stubs

.v4_bx          0x000000000800b358        0x0
 .v4_bx         0x000000000800b358        0x0 linker stubs

.iplt           0x000000000800b358        0x0
 .iplt          0x000000000800b358        0x0 C:/ST/STM32CubeIDE_1.14.1/STM32CubeIDE/plugins/com.st.stm32cube.ide.mcu.externaltools.gnu-tools-for-stm32.11.3.rel1.win32_1.1.100.202309141235/tools/bin/../lib/gcc/arm-none-eabi/11.3.1/thumb/v7e-m+fp/hard/crtbegin.o

.rodata         0x000000000800b358       0xe8
                0x000000000800b358                . = ALIGN (0x4)
 *(.rodata)
 .rodata        0x000000000800b358        0xb ./Core/Src/main.o
 *fill*         0x000000000800b363        0x1 
 .rodata        0x000000000800b364       0x5d ./USB_DEVICE/App/usbd_desc.o
 *(.rodata*)
 *fill*         0x000000000800b3c1        0x3 
 .rodata.AHBPrescTable
                0x000000000800b3c4       0x10 ./Core/Src/system_stm32l4xx.o
                0x000000000800b3c4                AHBPrescTable
 .rodata.APBPrescTable
                0x000000000800b3d4        0x8 ./Core/Src/system_stm32l4xx.o
                0x000000000800b3d4                APBPrescTable
 .rodata.MSIRangeTable
                0x000000000800b3dc       0x30 ./Core/Src/system_stm32l4xx.o
                0x000000000800b3dc                MSIRangeTable
 .rodata._vfprintf_r.str1.1
                0x000000000800b40c       0x11 C:/ST/STM32CubeIDE_1.14.1/STM32CubeIDE/plugins/com.st.stm32cube.ide.mcu.externaltools.gnu-tools-for-stm32.11.3.rel1.win32_1.1.100.202309141235/tools/bin/../lib/gcc/arm-none-eabi/11.3.1/../../../../arm-none-eabi/lib/thumb/v7e-m+fp/hard\libc_nano.a(libc_a-nano-vfprintf.o)
 .rodata._printf_i.str1.1
                0x000000000800b41d       0x22 C:/ST/STM32CubeIDE_1.14.1/STM32CubeIDE/plugins/com.st.stm32cube.ide.mcu.externaltools.gnu-tools-for-stm32.11.3.rel1.win32_1.1.100.202309141235/tools/bin/../lib/gcc/arm-none-eabi/11.3.1/../../../../arm-none-eabi/lib/thumb/v7e-m+fp/hard\libc_nano.a(libc_a-nano-vfprintf_i.o)
                0x000000000800b440                . = ALIGN (0x4)
 *fill*         0x000000000800b43f        0x1 

.ARM.extab      0x000000000800b440        0x0
                0x000000000800b440                . = ALIGN (0x4)
 *(.ARM.extab* .gnu.linkonce.armextab.*)
                0x000000000800b440                . = ALIGN (0x4)

.ARM            0x000000000800b440        0x8
                0x000000000800b440                . = ALIGN (0x4)
                0x000000000800b440                __exidx_start = .
 *(.ARM.exidx*)
 .ARM.exidx     0x000000000800b440        0x8 C:/ST/STM32CubeIDE_1.14.1/STM32CubeIDE/plugins/com.st.stm32cube.ide.mcu.externaltools.gnu-tools-for-stm32.11.3.rel1.win32_1.1.100.202309141235/tools/bin/../lib/gcc/arm-none-eabi/11.3.1/thumb/v7e-m+fp/hard\libgcc.a(_udivmoddi4.o)
                0x000000000800b448                __exidx_end = .
                0x000000000800b448                . = ALIGN (0x4)

.rel.dyn        0x000000000800b448        0x0
 .rel.iplt      0x000000000800b448        0x0 C:/ST/STM32CubeIDE_1.14.1/STM32CubeIDE/plugins/com.st.stm32cube.ide.mcu.externaltools.gnu-tools-for-stm32.11.3.rel1.win32_1.1.100.202309141235/tools/bin/../lib/gcc/arm-none-eabi/11.3.1/thumb/v7e-m+fp/hard/crtbegin.o

.preinit_array  0x000000000800b448        0x0
                0x000000000800b448                . = ALIGN (0x4)
                0x000000000800b448                PROVIDE (__preinit_array_start = .)
 *(.preinit_array*)
                0x000000000800b448                PROVIDE (__preinit_array_end = .)
                0x000000000800b448                . = ALIGN (0x4)

.init_array     0x000000000800b448        0x4
                0x000000000800b448                . = ALIGN (0x4)
                0x000000000800b448                PROVIDE (__init_array_start = .)
 *(SORT_BY_NAME(.init_array.*))
 *(.init_array*)
 .init_array    0x000000000800b448        0x4 C:/ST/STM32CubeIDE_1.14.1/STM32CubeIDE/plugins/com.st.stm32cube.ide.mcu.externaltools.gnu-tools-for-stm32.11.3.rel1.win32_1.1.100.202309141235/tools/bin/../lib/gcc/arm-none-eabi/11.3.1/thumb/v7e-m+fp/hard/crtbegin.o
                0x000000000800b44c                PROVIDE (__init_array_end = .)
                0x000000000800b44c                . = ALIGN (0x4)

.fini_array     0x000000000800b44c        0x4
                0x000000000800b44c                . = ALIGN (0x4)
                [!provide]                        PROVIDE (__fini_array_start = .)
 *(SORT_BY_NAME(.fini_array.*))
 *(.fini_array*)
 .fini_array    0x000000000800b44c        0x4 C:/ST/STM32CubeIDE_1.14.1/STM32CubeIDE/plugins/com.st.stm32cube.ide.mcu.externaltools.gnu-tools-for-stm32.11.3.rel1.win32_1.1.100.202309141235/tools/bin/../lib/gcc/arm-none-eabi/11.3.1/thumb/v7e-m+fp/hard/crtbegin.o
                [!provide]                        PROVIDE (__fini_array_end = .)
                0x000000000800b450                . = ALIGN (0x4)
                0x000000000800b450                _sidata = LOADADDR (.data)

.data           0x0000000020000000      0x188 load address 0x000000000800b450
                0x0000000020000000                . = ALIGN (0x4)
                0x0000000020000000                _sdata = .
 *(.data)
 *(.data*)
 .data.SystemCoreClock
                0x0000000020000000        0x4 ./Core/Src/system_stm32l4xx.o
                0x0000000020000000                SystemCoreClock
 .data.uwTickPrio
                0x0000000020000004        0x4 ./Drivers/STM32L4xx_HAL_Driver/Src/stm32l4xx_hal.o
                0x0000000020000004                uwTickPrio
 .data.uwTickFreq
                0x0000000020000008        0x1 ./Drivers/STM32L4xx_HAL_Driver/Src/stm32l4xx_hal.o
                0x0000000020000008                uwTickFreq
 *fill*         0x0000000020000009        0x3 
 .data.USBD_CUSTOM_HID
                0x000000002000000c       0x38 ./Middlewares/ST/STM32_USB_Device_Library/Class/CustomHID/Src/usbd_customhid.o
                0x000000002000000c                USBD_CUSTOM_HID
 .data.USBD_CUSTOM_HID_CfgDesc
                0x0000000020000044       0x29 ./Middlewares/ST/STM32_USB_Device_Library/Class/CustomHID/Src/usbd_customhid.o
 *fill*         0x000000002000006d        0x3 
 .data.USBD_CUSTOM_HID_Desc
                0x0000000020000070        0x9 ./Middlewares/ST/STM32_USB_Device_Library/Class/CustomHID/Src/usbd_customhid.o
 *fill*         0x0000000020000079        0x3 
 .data.USBD_CUSTOM_HID_DeviceQualifierDesc
                0x000000002000007c        0xa ./Middlewares/ST/STM32_USB_Device_Library/Class/CustomHID/Src/usbd_customhid.o
 .data.CUSTOMHIDInEpAdd
                0x0000000020000086        0x1 ./Middlewares/ST/STM32_USB_Device_Library/Class/CustomHID/Src/usbd_customhid.o
 .data.CUSTOMHIDOutEpAdd
                0x0000000020000087        0x1 ./Middlewares/ST/STM32_USB_Device_Library/Class/CustomHID/Src/usbd_customhid.o
 .data.CUSTOM_HID_ReportDesc_FS
                0x0000000020000088       0x32 ./USB_DEVICE/App/usbd_custom_hid_if.o
 *fill*         0x00000000200000ba        0x2 
 .data.USBD_CustomHID_fops_FS
                0x00000000200000bc       0x10 ./USB_DEVICE/App/usbd_custom_hid_if.o
                0x00000000200000bc                USBD_CustomHID_fops_FS
 .data.FS_Desc  0x00000000200000cc       0x20 ./USB_DEVICE/App/usbd_desc.o
                0x00000000200000cc                FS_Desc
 .data.USBD_FS_DeviceDesc
                0x00000000200000ec       0x12 ./USB_DEVICE/App/usbd_desc.o
                0x00000000200000ec                USBD_FS_DeviceDesc
 *fill*         0x00000000200000fe        0x2 
 .data.USBD_FS_BOSDesc
                0x0000000020000100        0xc ./USB_DEVICE/App/usbd_desc.o
                0x0000000020000100                USBD_FS_BOSDesc
 .data.USBD_LangIDDesc
                0x000000002000010c        0x4 ./USB_DEVICE/App/usbd_desc.o
                0x000000002000010c                USBD_LangIDDesc
 .data.USBD_StringSerial
                0x0000000020000110       0x1a ./USB_DEVICE/App/usbd_desc.o
                0x0000000020000110                USBD_StringSerial
 *fill*         0x000000002000012a        0x2 
 .data.__sglue  0x000000002000012c        0xc C:/ST/STM32CubeIDE_1.14.1/STM32CubeIDE/plugins/com.st.stm32cube.ide.mcu.externaltools.gnu-tools-for-stm32.11.3.rel1.win32_1.1.100.202309141235/tools/bin/../lib/gcc/arm-none-eabi/11.3.1/../../../../arm-none-eabi/lib/thumb/v7e-m+fp/hard\libc_nano.a(libc_a-findfp.o)
                0x000000002000012c                __sglue
 .data._impure_data
                0x0000000020000138       0x4c C:/ST/STM32CubeIDE_1.14.1/STM32CubeIDE/plugins/com.st.stm32cube.ide.mcu.externaltools.gnu-tools-for-stm32.11.3.rel1.win32_1.1.100.202309141235/tools/bin/../lib/gcc/arm-none-eabi/11.3.1/../../../../arm-none-eabi/lib/thumb/v7e-m+fp/hard\libc_nano.a(libc_a-impure.o)
                0x0000000020000138                _impure_data
 .data._impure_ptr
                0x0000000020000184        0x4 C:/ST/STM32CubeIDE_1.14.1/STM32CubeIDE/plugins/com.st.stm32cube.ide.mcu.externaltools.gnu-tools-for-stm32.11.3.rel1.win32_1.1.100.202309141235/tools/bin/../lib/gcc/arm-none-eabi/11.3.1/../../../../arm-none-eabi/lib/thumb/v7e-m+fp/hard\libc_nano.a(libc_a-impure.o)
                0x0000000020000184                _impure_ptr
 *(.RamFunc)
 *(.RamFunc*)
                0x0000000020000188                . = ALIGN (0x4)
                0x0000000020000188                _edata = .

.igot.plt       0x0000000020000188        0x0 load address 0x000000000800b5d8
 .igot.plt      0x0000000020000188        0x0 C:/ST/STM32CubeIDE_1.14.1/STM32CubeIDE/plugins/com.st.stm32cube.ide.mcu.externaltools.gnu-tools-for-stm32.11.3.rel1.win32_1.1.100.202309141235/tools/bin/../lib/gcc/arm-none-eabi/11.3.1/thumb/v7e-m+fp/hard/crtbegin.o
                0x0000000020000188                . = ALIGN (0x4)

.bss            0x0000000020000188      0xde4 load address 0x000000000800b5d8
                0x0000000020000188                _sbss = .
                0x0000000020000188                __bss_start__ = _sbss
 *(.bss)
 .bss           0x0000000020000188       0x1c C:/ST/STM32CubeIDE_1.14.1/STM32CubeIDE/plugins/com.st.stm32cube.ide.mcu.externaltools.gnu-tools-for-stm32.11.3.rel1.win32_1.1.100.202309141235/tools/bin/../lib/gcc/arm-none-eabi/11.3.1/thumb/v7e-m+fp/hard/crtbegin.o
 *(.bss*)
 .bss.hdfsdm1_channel1
                0x00000000200001a4       0x38 ./Core/Src/main.o
                0x00000000200001a4                hdfsdm1_channel1
 .bss.hi2c2     0x00000000200001dc       0x54 ./Core/Src/main.o
                0x00000000200001dc                hi2c2
 .bss.hqspi     0x0000000020000230       0x44 ./Core/Src/main.o
                0x0000000020000230                hqspi
 .bss.hspi3     0x0000000020000274       0x64 ./Core/Src/main.o
                0x0000000020000274                hspi3
 .bss.huart1    0x00000000200002d8       0x88 ./Core/Src/main.o
                0x00000000200002d8                huart1
 .bss.huart3    0x0000000020000360       0x88 ./Core/Src/main.o
                0x0000000020000360                huart3
 .bss.DFSDM1_Init
                0x00000000200003e8        0x4 ./Core/Src/stm32l4xx_hal_msp.o
 .bss.__sbrk_heap_end
                0x00000000200003ec        0x4 ./Core/Src/sysmem.o
 .bss.uwTick    0x00000000200003f0        0x4 ./Drivers/STM32L4xx_HAL_Driver/Src/stm32l4xx_hal.o
                0x00000000200003f0                uwTick
 .bss.v_dfsdm1ChannelCounter
                0x00000000200003f4        0x4 ./Drivers/STM32L4xx_HAL_Driver/Src/stm32l4xx_hal_dfsdm.o
 .bss.a_dfsdm1ChannelHandle
                0x00000000200003f8       0x20 ./Drivers/STM32L4xx_HAL_Driver/Src/stm32l4xx_hal_dfsdm.o
 .bss.cfgidx.0  0x0000000020000418        0x1 ./Middlewares/ST/STM32_USB_Device_Library/Core/Src/usbd_ctlreq.o
 *fill*         0x0000000020000419        0x3 
 .bss.hUsbDeviceFS
                0x000000002000041c      0x2dc ./USB_DEVICE/App/usb_device.o
                0x000000002000041c                hUsbDeviceFS
 .bss.USBD_StrDesc
                0x00000000200006f8      0x200 ./USB_DEVICE/App/usbd_desc.o
                0x00000000200006f8                USBD_StrDesc
 .bss.hpcd_USB_OTG_FS
                0x00000000200008f8      0x50c ./USB_DEVICE/Target/usbd_conf.o
                0x00000000200008f8                hpcd_USB_OTG_FS
 .bss.mem.0     0x0000000020000e04       0x1c ./USB_DEVICE/Target/usbd_conf.o
 .bss.__sf      0x0000000020000e20      0x138 C:/ST/STM32CubeIDE_1.14.1/STM32CubeIDE/plugins/com.st.stm32cube.ide.mcu.externaltools.gnu-tools-for-stm32.11.3.rel1.win32_1.1.100.202309141235/tools/bin/../lib/gcc/arm-none-eabi/11.3.1/../../../../arm-none-eabi/lib/thumb/v7e-m+fp/hard\libc_nano.a(libc_a-findfp.o)
                0x0000000020000e20                __sf
 .bss.__stdio_exit_handler
                0x0000000020000f58        0x4 C:/ST/STM32CubeIDE_1.14.1/STM32CubeIDE/plugins/com.st.stm32cube.ide.mcu.externaltools.gnu-tools-for-stm32.11.3.rel1.win32_1.1.100.202309141235/tools/bin/../lib/gcc/arm-none-eabi/11.3.1/../../../../arm-none-eabi/lib/thumb/v7e-m+fp/hard\libc_nano.a(libc_a-findfp.o)
                0x0000000020000f58                __stdio_exit_handler
 .bss.errno     0x0000000020000f5c        0x4 C:/ST/STM32CubeIDE_1.14.1/STM32CubeIDE/plugins/com.st.stm32cube.ide.mcu.externaltools.gnu-tools-for-stm32.11.3.rel1.win32_1.1.100.202309141235/tools/bin/../lib/gcc/arm-none-eabi/11.3.1/../../../../arm-none-eabi/lib/thumb/v7e-m+fp/hard\libc_nano.a(libc_a-reent.o)
                0x0000000020000f5c                errno
 .bss.__lock___malloc_recursive_mutex
                0x0000000020000f60        0x1 C:/ST/STM32CubeIDE_1.14.1/STM32CubeIDE/plugins/com.st.stm32cube.ide.mcu.externaltools.gnu-tools-for-stm32.11.3.rel1.win32_1.1.100.202309141235/tools/bin/../lib/gcc/arm-none-eabi/11.3.1/../../../../arm-none-eabi/lib/thumb/v7e-m+fp/hard\libc_nano.a(libc_a-lock.o)
                0x0000000020000f60                __lock___malloc_recursive_mutex
 .bss.__lock___sfp_recursive_mutex
                0x0000000020000f61        0x1 C:/ST/STM32CubeIDE_1.14.1/STM32CubeIDE/plugins/com.st.stm32cube.ide.mcu.externaltools.gnu-tools-for-stm32.11.3.rel1.win32_1.1.100.202309141235/tools/bin/../lib/gcc/arm-none-eabi/11.3.1/../../../../arm-none-eabi/lib/thumb/v7e-m+fp/hard\libc_nano.a(libc_a-lock.o)
                0x0000000020000f61                __lock___sfp_recursive_mutex
 *fill*         0x0000000020000f62        0x2 
 .bss.__malloc_free_list
                0x0000000020000f64        0x4 C:/ST/STM32CubeIDE_1.14.1/STM32CubeIDE/plugins/com.st.stm32cube.ide.mcu.externaltools.gnu-tools-for-stm32.11.3.rel1.win32_1.1.100.202309141235/tools/bin/../lib/gcc/arm-none-eabi/11.3.1/../../../../arm-none-eabi/lib/thumb/v7e-m+fp/hard\libc_nano.a(libc_a-mallocr.o)
                0x0000000020000f64                __malloc_free_list
 .bss.__malloc_sbrk_start
                0x0000000020000f68        0x4 C:/ST/STM32CubeIDE_1.14.1/STM32CubeIDE/plugins/com.st.stm32cube.ide.mcu.externaltools.gnu-tools-for-stm32.11.3.rel1.win32_1.1.100.202309141235/tools/bin/../lib/gcc/arm-none-eabi/11.3.1/../../../../arm-none-eabi/lib/thumb/v7e-m+fp/hard\libc_nano.a(libc_a-mallocr.o)
                0x0000000020000f68                __malloc_sbrk_start
 *(COMMON)
                0x0000000020000f6c                . = ALIGN (0x4)
                0x0000000020000f6c                _ebss = .
                0x0000000020000f6c                __bss_end__ = _ebss

._user_heap_stack
                0x0000000020000f6c      0x604 load address 0x000000000800b5d8
                0x0000000020000f70                . = ALIGN (0x8)
 *fill*         0x0000000020000f6c        0x4 
                [!provide]                        PROVIDE (end = .)
                0x0000000020000f70                PROVIDE (_end = .)
                0x0000000020001170                . = (. + _Min_Heap_Size)
 *fill*         0x0000000020000f70      0x200 
                0x0000000020001570                . = (. + _Min_Stack_Size)
 *fill*         0x0000000020001170      0x400 
                0x0000000020001570                . = ALIGN (0x8)

/DISCARD/
 libc.a(*)
 libm.a(*)
 libgcc.a(*)

.ARM.attributes
                0x0000000000000000       0x30
 *(.ARM.attributes)
 .ARM.attributes